HYPERPARAMETERS
==================================================
N=5 || dt=0.1 || n_steps=2000 || burn_in=200, theta_init=0.5
WARN: warm start not oscillating; using fallback period 6.283185307179586
N=5  matched target period = 6.283 time units (62.8 steps)
N=5  period=63 steps  ->  n_steps=702
probe_steps=4000
Using Ablation fitness...
final reward: -0.04607426002621651
readout MSE 0.0120  vs constant-mean 1.0504
saved scale_N5.png
<class 'tuple'> (0.1,) <class 'tuple'> (0.5,)
kept seed cycle: False
Using Ablation fitness...
RUNNING HARDENED CTLN CHECK...
seed  0: z_std=1.00 cycle=True  topo=False fp_unstable=True  hamiltonian=True  amp=0.156 period=12.566666666666668 eig=+1.198
Using Ablation fitness...
RUNNING HARDENED CTLN CHECK...
seed  0: z_std=2.00 cycle=True  topo=False fp_unstable=True  hamiltonian=True  amp=0.128 period=12.533333333333333 eig=+1.210
Using Ablation fitness...
RUNNING HARDENED CTLN CHECK...
seed  0: z_std=3.00 cycle=True  topo=False fp_unstable=True  hamiltonian=True  amp=0.207 period=12.566666666666668 eig=+1.198
Using Ablation fitness...
RUNNING HARDENED CTLN CHECK...
seed  1: z_std=1.00 cycle=False topo=False fp_unstable=True  hamiltonian=True  amp=0.025 period=12.566666666666668 eig=+1.235
Using Ablation fitness...
RUNNING HARDENED CTLN CHECK...
seed  1: z_std=2.00 cycle=False topo=False fp_unstable=True  hamiltonian=True  amp=0.010 period=12.600000000000001 eig=+1.199
Using Ablation fitness...
RUNNING HARDENED CTLN CHECK...
seed  1: z_std=3.00 cycle=True  topo=False fp_unstable=True  hamiltonian=True  amp=0.161 period=12.533333333333333 eig=+1.234
Using Ablation fitness...
RUNNING HARDENED CTLN CHECK...
seed  2: z_std=1.00 cycle=True  topo=False fp_unstable=True  hamiltonian=True  amp=0.082 period=12.600000000000001 eig=+1.398
Using Ablation fitness...
RUNNING HARDENED CTLN CHECK...
seed  2: z_std=2.00 cycle=True  topo=False fp_unstable=True  hamiltonian=True  amp=0.251 period=12.600000000000001 eig=+1.290
Using Ablation fitness...
RUNNING HARDENED CTLN CHECK...
seed  2: z_std=3.00 cycle=False topo=False fp_unstable=True  hamiltonian=True  amp=0.028 period=12.533333333333333 eig=+1.236
Using Ablation fitness...
RUNNING HARDENED CTLN CHECK...
seed  3: z_std=1.00 cycle=True  topo=False fp_unstable=True  hamiltonian=True  amp=0.116 period=12.566666666666668 eig=+1.200
Using Ablation fitness...
RUNNING HARDENED CTLN CHECK...
seed  3: z_std=2.00 cycle=True  topo=False fp_unstable=True  hamiltonian=True  amp=0.108 period=12.566666666666668 eig=+1.235
Using Ablation fitness...
RUNNING HARDENED CTLN CHECK...
seed  3: z_std=3.00 cycle=True  topo=False fp_unstable=True  hamiltonian=True  amp=0.098 period=12.566666666666668 eig=+1.261
Using Ablation fitness...
RUNNING HARDENED CTLN CHECK...
seed  4: z_std=1.00 cycle=True  topo=False fp_unstable=True  hamiltonian=True  amp=0.435 period=12.600000000000001 eig=+1.180
Using Ablation fitness...
RUNNING HARDENED CTLN CHECK...
seed  4: z_std=2.00 cycle=True  topo=False fp_unstable=True  hamiltonian=True  amp=0.183 period=12.600000000000001 eig=+1.237
Using Ablation fitness...
RUNNING HARDENED CTLN CHECK...
seed  4: z_std=3.00 cycle=True  topo=False fp_unstable=True  hamiltonian=True  amp=0.162 period=12.600000000000001 eig=+1.198
Using Ablation fitness...
RUNNING HARDENED CTLN CHECK...
seed  5: z_std=1.00 cycle=True  topo=False fp_unstable=True  hamiltonian=True  amp=0.253 period=12.600000000000001 eig=+1.208
Using Ablation fitness...
RUNNING HARDENED CTLN CHECK...
seed  5: z_std=2.00 cycle=True  topo=False fp_unstable=True  hamiltonian=True  amp=0.106 period=12.566666666666668 eig=+1.197
Using Ablation fitness...
RUNNING HARDENED CTLN CHECK...
seed  5: z_std=3.00 cycle=True  topo=False fp_unstable=True  hamiltonian=True  amp=0.185 period=12.566666666666668 eig=+1.188
Using Ablation fitness...
RUNNING HARDENED CTLN CHECK...
seed  6: z_std=1.00 cycle=True  topo=False fp_unstable=True  hamiltonian=True  amp=0.504 period=12.600000000000001 eig=+1.199
Using Ablation fitness...
RUNNING HARDENED CTLN CHECK...
seed  6: z_std=2.00 cycle=True  topo=False fp_unstable=True  hamiltonian=True  amp=0.500 period=12.566666666666668 eig=+1.217
Using Ablation fitness...
RUNNING HARDENED CTLN CHECK...
seed  6: z_std=3.00 cycle=True  topo=False fp_unstable=True  hamiltonian=True  amp=0.207 period=12.600000000000001 eig=+1.207
Using Ablation fitness...
RUNNING HARDENED CTLN CHECK...
seed  7: z_std=1.00 cycle=True  topo=False fp_unstable=True  hamiltonian=True  amp=0.607 period=12.600000000000001 eig=+1.294
Using Ablation fitness...
RUNNING HARDENED CTLN CHECK...
seed  7: z_std=2.00 cycle=True  topo=False fp_unstable=True  hamiltonian=True  amp=0.190 period=12.566666666666668 eig=+1.262
Using Ablation fitness...
RUNNING HARDENED CTLN CHECK...
seed  7: z_std=3.00 cycle=True  topo=False fp_unstable=True  hamiltonian=True  amp=0.109 period=12.566666666666668 eig=+1.199
Using Ablation fitness...
RUNNING HARDENED CTLN CHECK...
seed  8: z_std=1.00 cycle=True  topo=False fp_unstable=True  hamiltonian=True  amp=0.322 period=12.533333333333333 eig=+1.234
Using Ablation fitness...
RUNNING HARDENED CTLN CHECK...
seed  8: z_std=2.00 cycle=True  topo=False fp_unstable=True  hamiltonian=True  amp=0.067 period=12.566666666666668 eig=+1.210
Using Ablation fitness...
RUNNING HARDENED CTLN CHECK...
seed  8: z_std=3.00 cycle=True  topo=False fp_unstable=True  hamiltonian=True  amp=0.054 period=12.533333333333333 eig=+1.215
Using Ablation fitness...
RUNNING HARDENED CTLN CHECK...
seed  9: z_std=1.00 cycle=True  topo=False fp_unstable=True  hamiltonian=True  amp=0.187 period=12.600000000000001 eig=+1.188
Using Ablation fitness...
RUNNING HARDENED CTLN CHECK...
seed  9: z_std=2.00 cycle=True  topo=False fp_unstable=True  hamiltonian=True  amp=0.667 period=12.566666666666668 eig=+1.275
Using Ablation fitness...
RUNNING HARDENED CTLN CHECK...
seed  9: z_std=3.00 cycle=True  topo=False fp_unstable=True  hamiltonian=True  amp=0.636 period=12.600000000000001 eig=+1.208
Using Ablation fitness...
RUNNING HARDENED CTLN CHECK...
seed 10: z_std=1.00 cycle=False topo=False fp_unstable=True  hamiltonian=True  amp=0.023 period=12.566666666666668 eig=+1.193
Using Ablation fitness...
RUNNING HARDENED CTLN CHECK...
seed 10: z_std=2.00 cycle=True  topo=False fp_unstable=True  hamiltonian=True  amp=0.219 period=12.566666666666668 eig=+1.215
Using Ablation fitness...
RUNNING HARDENED CTLN CHECK...
seed 10: z_std=3.00 cycle=True  topo=False fp_unstable=True  hamiltonian=True  amp=0.265 period=12.566666666666668 eig=+1.197
Using Ablation fitness...
RUNNING HARDENED CTLN CHECK...
seed 11: z_std=1.00 cycle=False topo=False fp_unstable=True  hamiltonian=True  amp=0.017 period=12.600000000000001 eig=+1.196
Using Ablation fitness...
RUNNING HARDENED CTLN CHECK...
seed 11: z_std=2.00 cycle=True  topo=False fp_unstable=True  hamiltonian=True  amp=0.088 period=12.566666666666668 eig=+1.309
Using Ablation fitness...
RUNNING HARDENED CTLN CHECK...
seed 11: z_std=3.00 cycle=True  topo=False fp_unstable=True  hamiltonian=True  amp=0.365 period=12.566666666666668 eig=+1.275
Using Ablation fitness...
RUNNING HARDENED CTLN CHECK...
seed 12: z_std=1.00 cycle=True  topo=False fp_unstable=True  hamiltonian=True  amp=0.313 period=12.566666666666668 eig=+1.259
Using Ablation fitness...
RUNNING HARDENED CTLN CHECK...
seed 12: z_std=2.00 cycle=False topo=False fp_unstable=True  hamiltonian=True  amp=0.032 period=12.566666666666668 eig=+1.261
Using Ablation fitness...
RUNNING HARDENED CTLN CHECK...
seed 12: z_std=3.00 cycle=True  topo=False fp_unstable=True  hamiltonian=True  amp=0.262 period=12.566666666666668 eig=+1.197
Using Ablation fitness...
RUNNING HARDENED CTLN CHECK...
seed 13: z_std=1.00 cycle=True  topo=False fp_unstable=True  hamiltonian=True  amp=0.057 period=12.566666666666668 eig=+1.242
Using Ablation fitness...
RUNNING HARDENED CTLN CHECK...
seed 13: z_std=2.00 cycle=True  topo=False fp_unstable=True  hamiltonian=True  amp=0.209 period=12.600000000000001 eig=+1.241
Using Ablation fitness...
RUNNING HARDENED CTLN CHECK...
seed 13: z_std=3.00 cycle=True  topo=False fp_unstable=True  hamiltonian=True  amp=0.277 period=12.566666666666668 eig=+1.235
Using Ablation fitness...
RUNNING HARDENED CTLN CHECK...
seed 14: z_std=1.00 cycle=True  topo=False fp_unstable=True  hamiltonian=True  amp=0.174 period=12.566666666666668 eig=+1.230
Using Ablation fitness...
RUNNING HARDENED CTLN CHECK...
seed 14: z_std=2.00 cycle=True  topo=False fp_unstable=True  hamiltonian=True  amp=0.073 period=12.566666666666668 eig=+1.236
Using Ablation fitness...
RUNNING HARDENED CTLN CHECK...
seed 14: z_std=3.00 cycle=True  topo=False fp_unstable=True  hamiltonian=True  amp=0.284 period=12.566666666666668 eig=+1.207
Using Ablation fitness...
RUNNING HARDENED CTLN CHECK...
seed 15: z_std=1.00 cycle=False topo=False fp_unstable=True  hamiltonian=True  amp=0.022 period=12.600000000000001 eig=+1.237
Using Ablation fitness...
RUNNING HARDENED CTLN CHECK...
seed 15: z_std=2.00 cycle=True  topo=False fp_unstable=True  hamiltonian=True  amp=0.675 period=12.566666666666668 eig=+1.283
Using Ablation fitness...
RUNNING HARDENED CTLN CHECK...
seed 15: z_std=3.00 cycle=True  topo=False fp_unstable=True  hamiltonian=True  amp=0.211 period=12.566666666666668 eig=+1.292
Using Ablation fitness...
RUNNING HARDENED CTLN CHECK...
seed 16: z_std=1.00 cycle=True  topo=False fp_unstable=True  hamiltonian=True  amp=0.410 period=12.566666666666668 eig=+1.224
Using Ablation fitness...
RUNNING HARDENED CTLN CHECK...
seed 16: z_std=2.00 cycle=True  topo=False fp_unstable=True  hamiltonian=True  amp=0.764 period=12.566666666666668 eig=+1.246
Using Ablation fitness...
RUNNING HARDENED CTLN CHECK...
seed 16: z_std=3.00 cycle=True  topo=False fp_unstable=True  hamiltonian=True  amp=0.101 period=12.566666666666668 eig=+1.246
Using Ablation fitness...
RUNNING HARDENED CTLN CHECK...
seed 17: z_std=1.00 cycle=False topo=False fp_unstable=True  hamiltonian=True  amp=0.010 period=12.600000000000001 eig=+1.235
Using Ablation fitness...
RUNNING HARDENED CTLN CHECK...
seed 17: z_std=2.00 cycle=True  topo=False fp_unstable=True  hamiltonian=True  amp=0.118 period=12.566666666666668 eig=+1.197
Using Ablation fitness...
RUNNING HARDENED CTLN CHECK...
seed 17: z_std=3.00 cycle=True  topo=False fp_unstable=True  hamiltonian=True  amp=0.164 period=12.566666666666668 eig=+1.262
Using Ablation fitness...
RUNNING HARDENED CTLN CHECK...
seed 18: z_std=1.00 cycle=True  topo=False fp_unstable=True  hamiltonian=True  amp=0.275 period=12.566666666666668 eig=+1.198
Using Ablation fitness...
RUNNING HARDENED CTLN CHECK...
seed 18: z_std=2.00 cycle=True  topo=False fp_unstable=True  hamiltonian=True  amp=0.135 period=12.566666666666668 eig=+1.241
Using Ablation fitness...
RUNNING HARDENED CTLN CHECK...
seed 18: z_std=3.00 cycle=True  topo=False fp_unstable=True  hamiltonian=True  amp=0.329 period=12.600000000000001 eig=+1.194
Using Ablation fitness...
RUNNING HARDENED CTLN CHECK...
seed 19: z_std=1.00 cycle=True  topo=False fp_unstable=True  hamiltonian=True  amp=0.438 period=12.566666666666668 eig=+1.235
Using Ablation fitness...
RUNNING HARDENED CTLN CHECK...
seed 19: z_std=2.00 cycle=False topo=False fp_unstable=True  hamiltonian=True  amp=0.031 period=12.600000000000001 eig=+1.189
Using Ablation fitness...
RUNNING HARDENED CTLN CHECK...
seed 19: z_std=3.00 cycle=True  topo=False fp_unstable=True  hamiltonian=True  amp=0.318 period=12.566666666666668 eig=+1.238
Using Ablation fitness...
RUNNING HARDENED CTLN CHECK...
seed 20: z_std=1.00 cycle=True  topo=False fp_unstable=True  hamiltonian=True  amp=0.473 period=12.566666666666668 eig=+1.207
Using Ablation fitness...
RUNNING HARDENED CTLN CHECK...
seed 20: z_std=2.00 cycle=False topo=False fp_unstable=True  hamiltonian=True  amp=0.028 period=12.566666666666668 eig=+1.191
Using Ablation fitness...
RUNNING HARDENED CTLN CHECK...
seed 20: z_std=3.00 cycle=False topo=False fp_unstable=True  hamiltonian=True  amp=0.043 period=12.566666666666668 eig=+1.232
Using Ablation fitness...
RUNNING HARDENED CTLN CHECK...
seed 21: z_std=1.00 cycle=True  topo=False fp_unstable=True  hamiltonian=True  amp=0.112 period=12.566666666666668 eig=+1.194
Using Ablation fitness...
RUNNING HARDENED CTLN CHECK...
seed 21: z_std=2.00 cycle=True  topo=False fp_unstable=True  hamiltonian=True  amp=0.366 period=12.533333333333333 eig=+1.199
Using Ablation fitness...
RUNNING HARDENED CTLN CHECK...
seed 21: z_std=3.00 cycle=True  topo=False fp_unstable=True  hamiltonian=True  amp=0.160 period=12.566666666666668 eig=+1.229
Using Ablation fitness...
RUNNING HARDENED CTLN CHECK...
seed 22: z_std=1.00 cycle=True  topo=False fp_unstable=True  hamiltonian=True  amp=0.282 period=12.566666666666668 eig=+1.229
Using Ablation fitness...
RUNNING HARDENED CTLN CHECK...
seed 22: z_std=2.00 cycle=True  topo=False fp_unstable=True  hamiltonian=True  amp=0.770 period=12.566666666666668 eig=+1.272
Using Ablation fitness...
RUNNING HARDENED CTLN CHECK...
seed 22: z_std=3.00 cycle=True  topo=False fp_unstable=True  hamiltonian=True  amp=0.251 period=12.566666666666668 eig=+1.215
Using Ablation fitness...
RUNNING HARDENED CTLN CHECK...
seed 23: z_std=1.00 cycle=True  topo=False fp_unstable=True  hamiltonian=True  amp=0.338 period=12.600000000000001 eig=+1.217
Using Ablation fitness...
RUNNING HARDENED CTLN CHECK...
seed 23: z_std=2.00 cycle=True  topo=False fp_unstable=True  hamiltonian=True  amp=0.545 period=12.566666666666668 eig=+1.277
Using Ablation fitness...
RUNNING HARDENED CTLN CHECK...
seed 23: z_std=3.00 cycle=True  topo=False fp_unstable=True  hamiltonian=True  amp=0.388 period=12.533333333333333 eig=+1.300
Using Ablation fitness...
RUNNING HARDENED CTLN CHECK...
seed 24: z_std=1.00 cycle=True  topo=False fp_unstable=True  hamiltonian=True  amp=0.069 period=12.566666666666668 eig=+1.225
Using Ablation fitness...
RUNNING HARDENED CTLN CHECK...
seed 24: z_std=2.00 cycle=True  topo=False fp_unstable=True  hamiltonian=True  amp=1.147 period=12.533333333333333 eig=+1.197
Using Ablation fitness...
RUNNING HARDENED CTLN CHECK...
seed 24: z_std=3.00 cycle=True  topo=False fp_unstable=True  hamiltonian=True  amp=0.206 period=12.566666666666668 eig=+1.273
Using Ablation fitness...
RUNNING HARDENED CTLN CHECK...
seed 25: z_std=1.00 cycle=True  topo=False fp_unstable=True  hamiltonian=True  amp=0.139 period=12.600000000000001 eig=+1.198
Using Ablation fitness...
RUNNING HARDENED CTLN CHECK...
seed 25: z_std=2.00 cycle=True  topo=False fp_unstable=True  hamiltonian=True  amp=0.665 period=12.566666666666668 eig=+1.361
Using Ablation fitness...
RUNNING HARDENED CTLN CHECK...
seed 25: z_std=3.00 cycle=True  topo=False fp_unstable=True  hamiltonian=True  amp=0.217 period=12.566666666666668 eig=+1.200
Using Ablation fitness...
RUNNING HARDENED CTLN CHECK...
seed 26: z_std=1.00 cycle=True  topo=False fp_unstable=True  hamiltonian=True  amp=0.083 period=12.566666666666668 eig=+1.198
Using Ablation fitness...
RUNNING HARDENED CTLN CHECK...
seed 26: z_std=2.00 cycle=True  topo=False fp_unstable=True  hamiltonian=True  amp=0.186 period=12.566666666666668 eig=+1.221
Using Ablation fitness...
RUNNING HARDENED CTLN CHECK...
seed 26: z_std=3.00 cycle=True  topo=False fp_unstable=True  hamiltonian=True  amp=0.328 period=12.566666666666668 eig=+1.236
Using Ablation fitness...
RUNNING HARDENED CTLN CHECK...
seed 27: z_std=1.00 cycle=True  topo=False fp_unstable=True  hamiltonian=True  amp=0.178 period=12.566666666666668 eig=+1.219
Using Ablation fitness...
RUNNING HARDENED CTLN CHECK...
seed 27: z_std=2.00 cycle=True  topo=False fp_unstable=True  hamiltonian=True  amp=0.210 period=12.566666666666668 eig=+1.225
Using Ablation fitness...
RUNNING HARDENED CTLN CHECK...
seed 27: z_std=3.00 cycle=False topo=False fp_unstable=True  hamiltonian=True  amp=0.024 period=12.533333333333333 eig=+1.250
Using Ablation fitness...
RUNNING HARDENED CTLN CHECK...
seed 28: z_std=1.00 cycle=True  topo=False fp_unstable=True  hamiltonian=True  amp=0.267 period=12.566666666666668 eig=+1.187
Using Ablation fitness...
RUNNING HARDENED CTLN CHECK...
seed 28: z_std=2.00 cycle=True  topo=False fp_unstable=True  hamiltonian=True  amp=0.242 period=12.600000000000001 eig=+1.285
Using Ablation fitness...
RUNNING HARDENED CTLN CHECK...
seed 28: z_std=3.00 cycle=True  topo=False fp_unstable=True  hamiltonian=True  amp=0.196 period=12.566666666666668 eig=+1.254
Using Ablation fitness...
RUNNING HARDENED CTLN CHECK...
seed 29: z_std=1.00 cycle=True  topo=False fp_unstable=True  hamiltonian=True  amp=0.263 period=12.566666666666668 eig=+1.188
Using Ablation fitness...
RUNNING HARDENED CTLN CHECK...
seed 29: z_std=2.00 cycle=True  topo=False fp_unstable=True  hamiltonian=True  amp=0.129 period=12.533333333333333 eig=+1.255
Using Ablation fitness...
RUNNING HARDENED CTLN CHECK...
seed 29: z_std=3.00 cycle=True  topo=False fp_unstable=True  hamiltonian=True  amp=0.458 period=12.566666666666668 eig=+1.192
Using Ablation fitness...
RUNNING HARDENED CTLN CHECK...
seed 30: z_std=1.00 cycle=False topo=False fp_unstable=True  hamiltonian=True  amp=0.040 period=12.533333333333333 eig=+1.244
Using Ablation fitness...
RUNNING HARDENED CTLN CHECK...
seed 30: z_std=2.00 cycle=True  topo=False fp_unstable=True  hamiltonian=True  amp=0.128 period=12.600000000000001 eig=+1.205
Using Ablation fitness...
RUNNING HARDENED CTLN CHECK...
seed 30: z_std=3.00 cycle=False topo=False fp_unstable=True  hamiltonian=True  amp=0.031 period=12.533333333333333 eig=+1.249
Using Ablation fitness...
RUNNING HARDENED CTLN CHECK...
seed 31: z_std=1.00 cycle=True  topo=False fp_unstable=True  hamiltonian=True  amp=0.235 period=12.566666666666668 eig=+1.233
Using Ablation fitness...
RUNNING HARDENED CTLN CHECK...
seed 31: z_std=2.00 cycle=True  topo=False fp_unstable=True  hamiltonian=True  amp=0.241 period=12.566666666666668 eig=+1.240
Using Ablation fitness...
RUNNING HARDENED CTLN CHECK...
seed 31: z_std=3.00 cycle=True  topo=False fp_unstable=True  hamiltonian=True  amp=0.440 period=12.533333333333333 eig=+1.226
Using Ablation fitness...
RUNNING HARDENED CTLN CHECK...
seed 32: z_std=1.00 cycle=True  topo=False fp_unstable=True  hamiltonian=True  amp=0.735 period=12.533333333333333 eig=+1.235
Using Ablation fitness...
RUNNING HARDENED CTLN CHECK...
seed 32: z_std=2.00 cycle=True  topo=False fp_unstable=True  hamiltonian=True  amp=0.694 period=12.566666666666668 eig=+1.200
Using Ablation fitness...
RUNNING HARDENED CTLN CHECK...
seed 32: z_std=3.00 cycle=True  topo=False fp_unstable=True  hamiltonian=True  amp=0.102 period=12.566666666666668 eig=+1.188
Using Ablation fitness...
RUNNING HARDENED CTLN CHECK...
seed 33: z_std=1.00 cycle=True  topo=False fp_unstable=True  hamiltonian=True  amp=0.619 period=12.566666666666668 eig=+1.203
Using Ablation fitness...
RUNNING HARDENED CTLN CHECK...
seed 33: z_std=2.00 cycle=True  topo=False fp_unstable=True  hamiltonian=True  amp=0.083 period=12.566666666666668 eig=+1.230
Using Ablation fitness...
RUNNING HARDENED CTLN CHECK...
seed 33: z_std=3.00 cycle=True  topo=False fp_unstable=True  hamiltonian=True  amp=0.556 period=12.566666666666668 eig=+1.299
Using Ablation fitness...
RUNNING HARDENED CTLN CHECK...
seed 34: z_std=1.00 cycle=True  topo=False fp_unstable=True  hamiltonian=True  amp=0.118 period=12.566666666666668 eig=+1.199
Using Ablation fitness...
RUNNING HARDENED CTLN CHECK...
seed 34: z_std=2.00 cycle=True  topo=False fp_unstable=True  hamiltonian=True  amp=0.331 period=12.533333333333333 eig=+1.224
Using Ablation fitness...
RUNNING HARDENED CTLN CHECK...
seed 34: z_std=3.00 cycle=False topo=False fp_unstable=True  hamiltonian=True  amp=0.029 period=12.533333333333333 eig=+1.183
Using Ablation fitness...
RUNNING HARDENED CTLN CHECK...
seed 35: z_std=1.00 cycle=True  topo=False fp_unstable=True  hamiltonian=True  amp=0.380 period=12.566666666666668 eig=+1.187
Using Ablation fitness...
RUNNING HARDENED CTLN CHECK...
seed 35: z_std=2.00 cycle=True  topo=False fp_unstable=True  hamiltonian=True  amp=0.131 period=12.600000000000001 eig=+1.236
Using Ablation fitness...
RUNNING HARDENED CTLN CHECK...
seed 35: z_std=3.00 cycle=True  topo=False fp_unstable=True  hamiltonian=True  amp=0.151 period=12.533333333333333 eig=+1.188
Using Ablation fitness...
RUNNING HARDENED CTLN CHECK...
seed 36: z_std=1.00 cycle=True  topo=False fp_unstable=True  hamiltonian=True  amp=0.203 period=12.600000000000001 eig=+1.187
Using Ablation fitness...
RUNNING HARDENED CTLN CHECK...
seed 36: z_std=2.00 cycle=True  topo=False fp_unstable=True  hamiltonian=True  amp=0.325 period=12.566666666666668 eig=+1.244
Using Ablation fitness...
RUNNING HARDENED CTLN CHECK...
seed 36: z_std=3.00 cycle=True  topo=False fp_unstable=True  hamiltonian=True  amp=0.147 period=12.566666666666668 eig=+1.322
Using Ablation fitness...
RUNNING HARDENED CTLN CHECK...
seed 37: z_std=1.00 cycle=True  topo=False fp_unstable=True  hamiltonian=True  amp=0.154 period=12.566666666666668 eig=+1.259
Using Ablation fitness...
RUNNING HARDENED CTLN CHECK...
seed 37: z_std=2.00 cycle=True  topo=False fp_unstable=True  hamiltonian=True  amp=0.721 period=12.566666666666668 eig=+1.197
Using Ablation fitness...
RUNNING HARDENED CTLN CHECK...
seed 37: z_std=3.00 cycle=False topo=False fp_unstable=True  hamiltonian=True  amp=0.010 period=12.533333333333333 eig=+1.235
Using Ablation fitness...
RUNNING HARDENED CTLN CHECK...
seed 38: z_std=1.00 cycle=True  topo=False fp_unstable=True  hamiltonian=True  amp=0.074 period=12.566666666666668 eig=+1.244
Using Ablation fitness...
RUNNING HARDENED CTLN CHECK...
seed 38: z_std=2.00 cycle=True  topo=False fp_unstable=True  hamiltonian=True  amp=0.074 period=12.566666666666668 eig=+1.283
Using Ablation fitness...
RUNNING HARDENED CTLN CHECK...
seed 38: z_std=3.00 cycle=True  topo=False fp_unstable=True  hamiltonian=True  amp=0.248 period=12.5 eig=+1.284
Using Ablation fitness...
RUNNING HARDENED CTLN CHECK...
seed 39: z_std=1.00 cycle=True  topo=False fp_unstable=True  hamiltonian=True  amp=0.444 period=12.566666666666668 eig=+1.323
Using Ablation fitness...
RUNNING HARDENED CTLN CHECK...
seed 39: z_std=2.00 cycle=True  topo=False fp_unstable=True  hamiltonian=True  amp=0.089 period=12.600000000000001 eig=+1.182
Using Ablation fitness...
RUNNING HARDENED CTLN CHECK...
seed 39: z_std=3.00 cycle=True  topo=False fp_unstable=True  hamiltonian=True  amp=0.186 period=12.600000000000001 eig=+1.207
Using Ablation fitness...
RUNNING HARDENED CTLN CHECK...
seed 40: z_std=1.00 cycle=True  topo=False fp_unstable=True  hamiltonian=True  amp=0.248 period=12.600000000000001 eig=+1.216
Using Ablation fitness...
RUNNING HARDENED CTLN CHECK...
seed 40: z_std=2.00 cycle=True  topo=False fp_unstable=True  hamiltonian=True  amp=0.152 period=12.566666666666668 eig=+1.234
Using Ablation fitness...
RUNNING HARDENED CTLN CHECK...
seed 40: z_std=3.00 cycle=False topo=False fp_unstable=True  hamiltonian=True  amp=0.020 period=12.566666666666668 eig=+1.219
Using Ablation fitness...
RUNNING HARDENED CTLN CHECK...
seed 41: z_std=1.00 cycle=True  topo=False fp_unstable=True  hamiltonian=True  amp=0.173 period=12.566666666666668 eig=+1.274
Using Ablation fitness...
RUNNING HARDENED CTLN CHECK...
seed 41: z_std=2.00 cycle=True  topo=False fp_unstable=True  hamiltonian=True  amp=0.081 period=12.633333333333333 eig=+1.207
Using Ablation fitness...
RUNNING HARDENED CTLN CHECK...
seed 41: z_std=3.00 cycle=True  topo=False fp_unstable=True  hamiltonian=True  amp=0.142 period=12.600000000000001 eig=+1.198
Using Ablation fitness...
RUNNING HARDENED CTLN CHECK...
seed 42: z_std=1.00 cycle=False topo=False fp_unstable=True  hamiltonian=True  amp=0.050 period=12.566666666666668 eig=+1.208
Using Ablation fitness...
RUNNING HARDENED CTLN CHECK...
seed 42: z_std=2.00 cycle=True  topo=False fp_unstable=True  hamiltonian=True  amp=0.352 period=12.533333333333333 eig=+1.212
Using Ablation fitness...
RUNNING HARDENED CTLN CHECK...
seed 42: z_std=3.00 cycle=True  topo=False fp_unstable=True  hamiltonian=True  amp=0.249 period=12.566666666666668 eig=+1.235
Using Ablation fitness...
RUNNING HARDENED CTLN CHECK...
seed 43: z_std=1.00 cycle=True  topo=False fp_unstable=True  hamiltonian=True  amp=0.100 period=12.533333333333333 eig=+1.240
Using Ablation fitness...
RUNNING HARDENED CTLN CHECK...
seed 43: z_std=2.00 cycle=True  topo=False fp_unstable=True  hamiltonian=True  amp=0.639 period=12.566666666666668 eig=+1.198
Using Ablation fitness...
RUNNING HARDENED CTLN CHECK...
seed 43: z_std=3.00 cycle=True  topo=False fp_unstable=True  hamiltonian=True  amp=0.140 period=12.566666666666668 eig=+1.195
Using Ablation fitness...
RUNNING HARDENED CTLN CHECK...
seed 44: z_std=1.00 cycle=True  topo=False fp_unstable=True  hamiltonian=True  amp=0.306 period=12.566666666666668 eig=+1.194
Using Ablation fitness...
RUNNING HARDENED CTLN CHECK...
seed 44: z_std=2.00 cycle=False topo=False fp_unstable=True  hamiltonian=True  amp=0.035 period=12.566666666666668 eig=+1.235
Using Ablation fitness...
RUNNING HARDENED CTLN CHECK...
seed 44: z_std=3.00 cycle=True  topo=False fp_unstable=True  hamiltonian=True  amp=0.290 period=12.566666666666668 eig=+1.238
Using Ablation fitness...
RUNNING HARDENED CTLN CHECK...
seed 45: z_std=1.00 cycle=True  topo=False fp_unstable=True  hamiltonian=True  amp=0.079 period=12.566666666666668 eig=+1.255
Using Ablation fitness...
RUNNING HARDENED CTLN CHECK...
seed 45: z_std=2.00 cycle=True  topo=False fp_unstable=True  hamiltonian=True  amp=0.334 period=12.600000000000001 eig=+1.279
Using Ablation fitness...
RUNNING HARDENED CTLN CHECK...
seed 45: z_std=3.00 cycle=True  topo=False fp_unstable=True  hamiltonian=True  amp=0.181 period=12.533333333333333 eig=+1.208
Using Ablation fitness...
RUNNING HARDENED CTLN CHECK...
seed 46: z_std=1.00 cycle=True  topo=False fp_unstable=True  hamiltonian=True  amp=0.160 period=12.600000000000001 eig=+1.243
Using Ablation fitness...
RUNNING HARDENED CTLN CHECK...
seed 46: z_std=2.00 cycle=True  topo=False fp_unstable=True  hamiltonian=True  amp=0.338 period=12.566666666666668 eig=+1.209
Using Ablation fitness...
RUNNING HARDENED CTLN CHECK...
seed 46: z_std=3.00 cycle=True  topo=False fp_unstable=True  hamiltonian=True  amp=0.162 period=12.533333333333333 eig=+1.189
Using Ablation fitness...
RUNNING HARDENED CTLN CHECK...
seed 47: z_std=1.00 cycle=True  topo=False fp_unstable=True  hamiltonian=True  amp=0.174 period=12.55 eig=+1.194
Using Ablation fitness...
RUNNING HARDENED CTLN CHECK...
seed 47: z_std=2.00 cycle=True  topo=False fp_unstable=True  hamiltonian=True  amp=0.192 period=12.566666666666668 eig=+1.192
Using Ablation fitness...
RUNNING HARDENED CTLN CHECK...
seed 47: z_std=3.00 cycle=True  topo=False fp_unstable=True  hamiltonian=True  amp=0.235 period=12.600000000000001 eig=+1.195
Using Ablation fitness...
RUNNING HARDENED CTLN CHECK...
seed 48: z_std=1.00 cycle=True  topo=False fp_unstable=True  hamiltonian=True  amp=0.241 period=12.566666666666668 eig=+1.199
Using Ablation fitness...
RUNNING HARDENED CTLN CHECK...
seed 48: z_std=2.00 cycle=False topo=False fp_unstable=True  hamiltonian=True  amp=0.014 period=12.600000000000001 eig=+1.222
Using Ablation fitness...
RUNNING HARDENED CTLN CHECK...
seed 48: z_std=3.00 cycle=True  topo=False fp_unstable=True  hamiltonian=True  amp=0.265 period=12.566666666666668 eig=+1.200
Using Ablation fitness...
RUNNING HARDENED CTLN CHECK...
seed 49: z_std=1.00 cycle=True  topo=False fp_unstable=True  hamiltonian=True  amp=0.408 period=12.533333333333333 eig=+1.208
Using Ablation fitness...
RUNNING HARDENED CTLN CHECK...
seed 49: z_std=2.00 cycle=True  topo=False fp_unstable=True  hamiltonian=True  amp=0.307 period=12.566666666666668 eig=+1.201
Using Ablation fitness...
RUNNING HARDENED CTLN CHECK...
seed 49: z_std=3.00 cycle=True  topo=False fp_unstable=True  hamiltonian=True  amp=0.237 period=12.566666666666668 eig=+1.199

============================================================
DISCOVERY SWEEP  (N=5, 50 seeds, z_std=3.0)
  oscillation emerged:      130/150  (87%)
  recovered cycle topology: 0/150  (0%)
  both (full discovery):    0/150  (0%)
  hamiltonian cycle:        150/150  (100%)
============================================================

================================================================================
 z_std |   n |  emerged |  topology |   both |  hamilton | fp_unstab |  mean_eig
--------------------------------------------------------------------------------
   1.0 |  50 |  43/50    86%|   0/50     0%|     0% |  50/50   100%|  50/50   100%|    +1.224
   2.0 |  50 |  44/50    88%|   0/50     0%|     0% |  50/50   100%|  50/50   100%|    +1.233
   3.0 |  50 |  43/50    86%|   0/50     0%|     0% |  50/50   100%|  50/50   100%|    +1.227
================================================================================
spread across z_std -> emerged: 2pp (small spread supports invariance to init scale)
