================================================================
SCTLN GRADIENT BASELINE
================================================================
HYPERPARAMETERS
==================================================
N=5 || dt=0.1 || n_steps=2000 || burn_in=200, theta_init=0.5
WARN: warm start not oscillating; using fallback period 6.283185307179586
N=5  matched target period = 6.283 time units (62.8 steps)
grad iter 0: loss=1.0334
grad iter 200: loss=1.0444
grad iter 400: loss=1.0441
grad iter 600: loss=1.0440
grad iter 800: loss=1.0435
grad iter 1000: loss=1.0433
grad iter 1200: loss=1.0494
grad iter 1400: loss=1.0494
grad iter 1600: loss=1.0494
grad iter 1800: loss=1.0494
grad iter 2000: loss=1.0494
grad iter 2200: loss=1.0494
grad iter 2400: loss=1.0494
grad iter 2600: loss=1.0494
grad iter 2800: loss=1.0494
grad iter 0: loss=nan
grad iter 200: loss=nan
grad iter 400: loss=nan
grad iter 600: loss=nan
grad iter 800: loss=nan
grad iter 1000: loss=nan
grad iter 1200: loss=nan
grad iter 1400: loss=nan
grad iter 1600: loss=nan
grad iter 1800: loss=nan
grad iter 2000: loss=nan
grad iter 2200: loss=nan
grad iter 2400: loss=nan
grad iter 2600: loss=nan
grad iter 2800: loss=nan
seed 1 DIVERGED, max_eig set to nan
grad iter 0: loss=nan
grad iter 200: loss=nan
grad iter 400: loss=nan
grad iter 600: loss=nan
grad iter 800: loss=nan
grad iter 1000: loss=nan
grad iter 1200: loss=nan
grad iter 1400: loss=nan
grad iter 1600: loss=nan
grad iter 1800: loss=nan
grad iter 2000: loss=nan
grad iter 2200: loss=nan
grad iter 2400: loss=nan
grad iter 2600: loss=nan
grad iter 2800: loss=nan
seed 2 DIVERGED, max_eig set to nan
grad iter 0: loss=1.0485
grad iter 200: loss=1.0490
grad iter 400: loss=nan
grad iter 600: loss=nan
grad iter 800: loss=nan
grad iter 1000: loss=nan
grad iter 1200: loss=nan
grad iter 1400: loss=nan
grad iter 1600: loss=nan
grad iter 1800: loss=nan
grad iter 2000: loss=nan
grad iter 2200: loss=nan
grad iter 2400: loss=nan
grad iter 2600: loss=nan
grad iter 2800: loss=nan
seed 3 DIVERGED, max_eig set to nan
grad iter 0: loss=1.0469
grad iter 200: loss=1.0442
grad iter 400: loss=1.0443
grad iter 600: loss=1.0443
grad iter 800: loss=1.0444
grad iter 1000: loss=1.0400
grad iter 1200: loss=1.0399
grad iter 1400: loss=1.0399
grad iter 1600: loss=1.0398
grad iter 1800: loss=1.0399
grad iter 2000: loss=1.0399
grad iter 2200: loss=1.0398
grad iter 2400: loss=1.0399
grad iter 2600: loss=1.0399
grad iter 2800: loss=1.0398
saved scale_N5_4.png
grad iter 0: loss=1.0491
grad iter 200: loss=nan
grad iter 400: loss=nan
grad iter 600: loss=nan
grad iter 800: loss=nan
grad iter 1000: loss=nan
grad iter 1200: loss=nan
grad iter 1400: loss=nan
grad iter 1600: loss=nan
grad iter 1800: loss=nan
grad iter 2000: loss=nan
grad iter 2200: loss=nan
grad iter 2400: loss=nan
grad iter 2600: loss=nan
grad iter 2800: loss=nan
seed 5 DIVERGED, max_eig set to nan
grad iter 0: loss=nan
grad iter 200: loss=nan
grad iter 400: loss=nan
grad iter 600: loss=nan
grad iter 800: loss=nan
grad iter 1000: loss=nan
grad iter 1200: loss=nan
grad iter 1400: loss=nan
grad iter 1600: loss=nan
grad iter 1800: loss=nan
grad iter 2000: loss=nan
grad iter 2200: loss=nan
grad iter 2400: loss=nan
grad iter 2600: loss=nan
grad iter 2800: loss=nan
seed 6 DIVERGED, max_eig set to nan
grad iter 0: loss=1.0494
grad iter 200: loss=1.7529
grad iter 400: loss=1.0378
grad iter 600: loss=1.0432
grad iter 800: loss=1.0176
grad iter 1000: loss=1.0200
grad iter 1200: loss=1.0174
grad iter 1400: loss=1.0179
grad iter 1600: loss=1.0173
grad iter 1800: loss=1.0193
grad iter 2000: loss=1.0172
grad iter 2200: loss=1.0174
grad iter 2400: loss=1.0172
grad iter 2600: loss=1.0169
grad iter 2800: loss=1.0169
saved scale_N5_7.png
grad iter 0: loss=nan
grad iter 200: loss=nan
grad iter 400: loss=nan
grad iter 600: loss=nan
grad iter 800: loss=nan
grad iter 1000: loss=nan
grad iter 1200: loss=nan
grad iter 1400: loss=nan
grad iter 1600: loss=nan
grad iter 1800: loss=nan
grad iter 2000: loss=nan
grad iter 2200: loss=nan
grad iter 2400: loss=nan
grad iter 2600: loss=nan
grad iter 2800: loss=nan
seed 8 DIVERGED, max_eig set to nan
grad iter 0: loss=1.0494
grad iter 200: loss=nan
grad iter 400: loss=nan
grad iter 600: loss=nan
grad iter 800: loss=nan
grad iter 1000: loss=nan
grad iter 1200: loss=nan
grad iter 1400: loss=nan
grad iter 1600: loss=nan
grad iter 1800: loss=nan
grad iter 2000: loss=nan
grad iter 2200: loss=nan
grad iter 2400: loss=nan
grad iter 2600: loss=nan
grad iter 2800: loss=nan
seed 9 DIVERGED, max_eig set to nan
grad iter 0: loss=1.0494
grad iter 200: loss=1.0432
grad iter 400: loss=1.0432
grad iter 600: loss=1.0432
grad iter 800: loss=1.0433
grad iter 1000: loss=1.0432
grad iter 1200: loss=1.0433
grad iter 1400: loss=1.0448
grad iter 1600: loss=1.0432
grad iter 1800: loss=1.0433
grad iter 2000: loss=1.0432
grad iter 2200: loss=1.0432
grad iter 2400: loss=1.0432
grad iter 2600: loss=1.0433
grad iter 2800: loss=1.0432
grad iter 0: loss=1.0494
grad iter 200: loss=1.0431
grad iter 400: loss=1.0433
grad iter 600: loss=1.0429
grad iter 800: loss=1.0436
grad iter 1000: loss=1.0432
grad iter 1200: loss=1.0430
grad iter 1400: loss=1.0433
grad iter 1600: loss=1.0432
grad iter 1800: loss=1.0433
grad iter 2000: loss=1.0426
grad iter 2200: loss=1.0400
grad iter 2400: loss=1.0574
grad iter 2600: loss=1.0411
grad iter 2800: loss=1.0411
saved scale_N5_11.png
grad iter 0: loss=1.0341
grad iter 200: loss=1.0269
grad iter 400: loss=1.0264
grad iter 600: loss=1.0260
grad iter 800: loss=1.0258
grad iter 1000: loss=1.0257
grad iter 1200: loss=1.0256
grad iter 1400: loss=1.0256
grad iter 1600: loss=1.0256
grad iter 1800: loss=1.0255
grad iter 2000: loss=1.0256
grad iter 2200: loss=1.0255
grad iter 2400: loss=1.0255
grad iter 2600: loss=1.0255
grad iter 2800: loss=1.0255
saved scale_N5_12.png
grad iter 0: loss=1.0428
grad iter 200: loss=1.0242
grad iter 400: loss=1.0250
grad iter 600: loss=1.0251
grad iter 800: loss=1.0244
grad iter 1000: loss=1.0239
grad iter 1200: loss=1.0246
grad iter 1400: loss=1.0244
grad iter 1600: loss=1.0250
grad iter 1800: loss=1.0242
grad iter 2000: loss=1.0245
grad iter 2200: loss=1.0252
grad iter 2400: loss=1.0244
grad iter 2600: loss=1.0241
grad iter 2800: loss=1.0243
saved scale_N5_13.png
grad iter 0: loss=1.0389
grad iter 200: loss=1.0444
grad iter 400: loss=1.0400
grad iter 600: loss=1.0400
grad iter 800: loss=1.0399
grad iter 1000: loss=1.0399
grad iter 1200: loss=1.0399
grad iter 1400: loss=1.0399
grad iter 1600: loss=1.0399
grad iter 1800: loss=1.0402
grad iter 2000: loss=1.0399
grad iter 2200: loss=1.0399
grad iter 2400: loss=1.0401
grad iter 2600: loss=1.0403
grad iter 2800: loss=1.0399
saved scale_N5_14.png
grad iter 0: loss=1.0416
grad iter 200: loss=1.0432
grad iter 400: loss=1.0433
grad iter 600: loss=1.0431
grad iter 800: loss=1.0429
grad iter 1000: loss=1.0432
grad iter 1200: loss=1.0432
grad iter 1400: loss=1.0429
grad iter 1600: loss=1.0430
grad iter 1800: loss=1.0432
grad iter 2000: loss=1.0436
grad iter 2200: loss=1.0432
grad iter 2400: loss=1.0435
grad iter 2600: loss=1.0431
grad iter 2800: loss=1.0432
grad iter 0: loss=nan
grad iter 200: loss=nan
grad iter 400: loss=nan
grad iter 600: loss=nan
grad iter 800: loss=nan
grad iter 1000: loss=nan
grad iter 1200: loss=nan
grad iter 1400: loss=nan
grad iter 1600: loss=nan
grad iter 1800: loss=nan
grad iter 2000: loss=nan
grad iter 2200: loss=nan
grad iter 2400: loss=nan
grad iter 2600: loss=nan
grad iter 2800: loss=nan
seed 16 DIVERGED, max_eig set to nan
grad iter 0: loss=1.0489
grad iter 200: loss=nan
grad iter 400: loss=nan
grad iter 600: loss=nan
grad iter 800: loss=nan
grad iter 1000: loss=nan
grad iter 1200: loss=nan
grad iter 1400: loss=nan
grad iter 1600: loss=nan
grad iter 1800: loss=nan
grad iter 2000: loss=nan
grad iter 2200: loss=nan
grad iter 2400: loss=nan
grad iter 2600: loss=nan
grad iter 2800: loss=nan
seed 17 DIVERGED, max_eig set to nan
grad iter 0: loss=nan
grad iter 200: loss=nan
grad iter 400: loss=nan
grad iter 600: loss=nan
grad iter 800: loss=nan
grad iter 1000: loss=nan
grad iter 1200: loss=nan
grad iter 1400: loss=nan
grad iter 1600: loss=nan
grad iter 1800: loss=nan
grad iter 2000: loss=nan
grad iter 2200: loss=nan
grad iter 2400: loss=nan
grad iter 2600: loss=nan
grad iter 2800: loss=nan
seed 18 DIVERGED, max_eig set to nan
grad iter 0: loss=nan
grad iter 200: loss=nan
grad iter 400: loss=nan
grad iter 600: loss=nan
grad iter 800: loss=nan
grad iter 1000: loss=nan
grad iter 1200: loss=nan
grad iter 1400: loss=nan
grad iter 1600: loss=nan
grad iter 1800: loss=nan
grad iter 2000: loss=nan
grad iter 2200: loss=nan
grad iter 2400: loss=nan
grad iter 2600: loss=nan
grad iter 2800: loss=nan
seed 19 DIVERGED, max_eig set to nan
grad iter 0: loss=nan
grad iter 200: loss=nan
grad iter 400: loss=nan
grad iter 600: loss=nan
grad iter 800: loss=nan
grad iter 1000: loss=nan
grad iter 1200: loss=nan
grad iter 1400: loss=nan
grad iter 1600: loss=nan
grad iter 1800: loss=nan
grad iter 2000: loss=nan
grad iter 2200: loss=nan
grad iter 2400: loss=nan
grad iter 2600: loss=nan
grad iter 2800: loss=nan
seed 20 DIVERGED, max_eig set to nan
grad iter 0: loss=1.0493
grad iter 200: loss=nan
grad iter 400: loss=nan
grad iter 600: loss=nan
grad iter 800: loss=nan
grad iter 1000: loss=nan
grad iter 1200: loss=nan
grad iter 1400: loss=nan
grad iter 1600: loss=nan
grad iter 1800: loss=nan
grad iter 2000: loss=nan
grad iter 2200: loss=nan
grad iter 2400: loss=nan
grad iter 2600: loss=nan
grad iter 2800: loss=nan
seed 21 DIVERGED, max_eig set to nan
grad iter 0: loss=1.0416
grad iter 200: loss=1.0010
grad iter 400: loss=1.0004
grad iter 600: loss=1.0022
grad iter 800: loss=1.0004
grad iter 1000: loss=1.0003
grad iter 1200: loss=1.0004
grad iter 1400: loss=1.0006
grad iter 1600: loss=1.0009
grad iter 1800: loss=1.0014
grad iter 2000: loss=1.0004
grad iter 2200: loss=1.0004
grad iter 2400: loss=1.0012
grad iter 2600: loss=1.0007
grad iter 2800: loss=1.0013
saved scale_N5_22.png
grad iter 0: loss=1.0488
grad iter 200: loss=0.9513
grad iter 400: loss=1.0028
grad iter 600: loss=1.0285
grad iter 800: loss=1.0284
grad iter 1000: loss=1.0284
grad iter 1200: loss=1.0283
grad iter 1400: loss=1.0283
grad iter 1600: loss=1.0282
grad iter 1800: loss=1.0281
grad iter 2000: loss=1.0280
grad iter 2200: loss=1.0280
grad iter 2400: loss=1.0279
grad iter 2600: loss=1.0278
grad iter 2800: loss=1.0276
saved scale_N5_23.png
grad iter 0: loss=1.0244
grad iter 200: loss=1.0086
grad iter 400: loss=1.0077
grad iter 600: loss=1.0073
grad iter 800: loss=1.0068
grad iter 1000: loss=1.0064
grad iter 1200: loss=1.0041
grad iter 1400: loss=1.0038
grad iter 1600: loss=1.0035
grad iter 1800: loss=1.0035
grad iter 2000: loss=1.0035
grad iter 2200: loss=1.0033
grad iter 2400: loss=1.0034
grad iter 2600: loss=1.0033
grad iter 2800: loss=1.0032
saved scale_N5_24.png
grad iter 0: loss=nan
grad iter 200: loss=nan
grad iter 400: loss=nan
grad iter 600: loss=nan
grad iter 800: loss=nan
grad iter 1000: loss=nan
grad iter 1200: loss=nan
grad iter 1400: loss=nan
grad iter 1600: loss=nan
grad iter 1800: loss=nan
grad iter 2000: loss=nan
grad iter 2200: loss=nan
grad iter 2400: loss=nan
grad iter 2600: loss=nan
grad iter 2800: loss=nan
seed 25 DIVERGED, max_eig set to nan
grad iter 0: loss=1.0490
grad iter 200: loss=nan
grad iter 400: loss=nan
grad iter 600: loss=nan
grad iter 800: loss=nan
grad iter 1000: loss=nan
grad iter 1200: loss=nan
grad iter 1400: loss=nan
grad iter 1600: loss=nan
grad iter 1800: loss=nan
grad iter 2000: loss=nan
grad iter 2200: loss=nan
grad iter 2400: loss=nan
grad iter 2600: loss=nan
grad iter 2800: loss=nan
seed 26 DIVERGED, max_eig set to nan
grad iter 0: loss=nan
grad iter 200: loss=nan
grad iter 400: loss=nan
grad iter 600: loss=nan
grad iter 800: loss=nan
grad iter 1000: loss=nan
grad iter 1200: loss=nan
grad iter 1400: loss=nan
grad iter 1600: loss=nan
grad iter 1800: loss=nan
grad iter 2000: loss=nan
grad iter 2200: loss=nan
grad iter 2400: loss=nan
grad iter 2600: loss=nan
grad iter 2800: loss=nan
seed 27 DIVERGED, max_eig set to nan
grad iter 0: loss=1.0462
grad iter 200: loss=0.9433
grad iter 400: loss=0.9332
grad iter 600: loss=0.9242
grad iter 800: loss=0.9415
grad iter 1000: loss=0.9279
grad iter 1200: loss=0.9149
grad iter 1400: loss=0.9161
grad iter 1600: loss=0.9069
grad iter 1800: loss=0.8086
grad iter 2000: loss=0.8062
grad iter 2200: loss=0.7926
grad iter 2400: loss=0.7966
grad iter 2600: loss=0.8711
grad iter 2800: loss=0.8459
saved scale_N5_28.png
grad iter 0: loss=nan
grad iter 200: loss=nan
grad iter 400: loss=nan
grad iter 600: loss=nan
grad iter 800: loss=nan
grad iter 1000: loss=nan
grad iter 1200: loss=nan
grad iter 1400: loss=nan
grad iter 1600: loss=nan
grad iter 1800: loss=nan
grad iter 2000: loss=nan
grad iter 2200: loss=nan
grad iter 2400: loss=nan
grad iter 2600: loss=nan
grad iter 2800: loss=nan
seed 29 DIVERGED, max_eig set to nan
grad iter 0: loss=1.0489
grad iter 200: loss=1.0433
grad iter 400: loss=nan
grad iter 600: loss=nan
grad iter 800: loss=nan
grad iter 1000: loss=nan
grad iter 1200: loss=nan
grad iter 1400: loss=nan
grad iter 1600: loss=nan
grad iter 1800: loss=nan
grad iter 2000: loss=nan
grad iter 2200: loss=nan
grad iter 2400: loss=nan
grad iter 2600: loss=nan
grad iter 2800: loss=nan
seed 30 DIVERGED, max_eig set to nan
grad iter 0: loss=nan
grad iter 200: loss=nan
grad iter 400: loss=nan
grad iter 600: loss=nan
grad iter 800: loss=nan
grad iter 1000: loss=nan
grad iter 1200: loss=nan
grad iter 1400: loss=nan
grad iter 1600: loss=nan
grad iter 1800: loss=nan
grad iter 2000: loss=nan
grad iter 2200: loss=nan
grad iter 2400: loss=nan
grad iter 2600: loss=nan
grad iter 2800: loss=nan
seed 31 DIVERGED, max_eig set to nan
grad iter 0: loss=1.0482
grad iter 200: loss=1.0440
grad iter 400: loss=1.0445
grad iter 600: loss=1.0444
grad iter 800: loss=1.0445
grad iter 1000: loss=1.0444
grad iter 1200: loss=1.0444
grad iter 1400: loss=1.0444
grad iter 1600: loss=1.0447
grad iter 1800: loss=1.0445
grad iter 2000: loss=1.0445
grad iter 2200: loss=1.0444
grad iter 2400: loss=1.0444
grad iter 2600: loss=1.0444
grad iter 2800: loss=1.0445
saved scale_N5_32.png
grad iter 0: loss=nan
grad iter 200: loss=nan
grad iter 400: loss=nan
grad iter 600: loss=nan
grad iter 800: loss=nan
grad iter 1000: loss=nan
grad iter 1200: loss=nan
grad iter 1400: loss=nan
grad iter 1600: loss=nan
grad iter 1800: loss=nan
grad iter 2000: loss=nan
grad iter 2200: loss=nan
grad iter 2400: loss=nan
grad iter 2600: loss=nan
grad iter 2800: loss=nan
seed 33 DIVERGED, max_eig set to nan
grad iter 0: loss=nan
grad iter 200: loss=nan
grad iter 400: loss=nan
grad iter 600: loss=nan
grad iter 800: loss=nan
grad iter 1000: loss=nan
grad iter 1200: loss=nan
grad iter 1400: loss=nan
grad iter 1600: loss=nan
grad iter 1800: loss=nan
grad iter 2000: loss=nan
grad iter 2200: loss=nan
grad iter 2400: loss=nan
grad iter 2600: loss=nan
grad iter 2800: loss=nan
seed 34 DIVERGED, max_eig set to nan
grad iter 0: loss=1.0429
grad iter 200: loss=1.0426
grad iter 400: loss=1.0392
grad iter 600: loss=1.0415
grad iter 800: loss=1.0395
grad iter 1000: loss=1.0391
grad iter 1200: loss=1.0398
grad iter 1400: loss=1.0401
grad iter 1600: loss=1.0393
grad iter 1800: loss=1.0398
grad iter 2000: loss=1.0466
grad iter 2200: loss=nan
grad iter 2400: loss=nan
grad iter 2600: loss=nan
grad iter 2800: loss=nan
seed 35 DIVERGED, max_eig set to nan
grad iter 0: loss=nan
grad iter 200: loss=nan
grad iter 400: loss=nan
grad iter 600: loss=nan
grad iter 800: loss=nan
grad iter 1000: loss=nan
grad iter 1200: loss=nan
grad iter 1400: loss=nan
grad iter 1600: loss=nan
grad iter 1800: loss=nan
grad iter 2000: loss=nan
grad iter 2200: loss=nan
grad iter 2400: loss=nan
grad iter 2600: loss=nan
grad iter 2800: loss=nan
seed 36 DIVERGED, max_eig set to nan
grad iter 0: loss=nan
grad iter 200: loss=nan
grad iter 400: loss=nan
grad iter 600: loss=nan
grad iter 800: loss=nan
grad iter 1000: loss=nan
grad iter 1200: loss=nan
grad iter 1400: loss=nan
grad iter 1600: loss=nan
grad iter 1800: loss=nan
grad iter 2000: loss=nan
grad iter 2200: loss=nan
grad iter 2400: loss=nan
grad iter 2600: loss=nan
grad iter 2800: loss=nan
seed 37 DIVERGED, max_eig set to nan
grad iter 0: loss=1.0488
grad iter 200: loss=nan
grad iter 400: loss=nan
grad iter 600: loss=nan
grad iter 800: loss=nan
grad iter 1000: loss=nan
grad iter 1200: loss=nan
grad iter 1400: loss=nan
grad iter 1600: loss=nan
grad iter 1800: loss=nan
grad iter 2000: loss=nan
grad iter 2200: loss=nan
grad iter 2400: loss=nan
grad iter 2600: loss=nan
grad iter 2800: loss=nan
seed 38 DIVERGED, max_eig set to nan
grad iter 0: loss=1.0491
grad iter 200: loss=nan
grad iter 400: loss=nan
grad iter 600: loss=nan
grad iter 800: loss=nan
grad iter 1000: loss=nan
grad iter 1200: loss=nan
grad iter 1400: loss=nan
grad iter 1600: loss=nan
grad iter 1800: loss=nan
grad iter 2000: loss=nan
grad iter 2200: loss=nan
grad iter 2400: loss=nan
grad iter 2600: loss=nan
grad iter 2800: loss=nan
seed 39 DIVERGED, max_eig set to nan
grad iter 0: loss=1.0483
grad iter 200: loss=0.9799
grad iter 400: loss=1.0142
grad iter 600: loss=0.9986
grad iter 800: loss=0.9788
grad iter 1000: loss=0.9998
grad iter 1200: loss=0.9966
grad iter 1400: loss=0.9660
grad iter 1600: loss=0.9756
grad iter 1800: loss=0.9820
grad iter 2000: loss=0.9565
grad iter 2200: loss=0.9551
grad iter 2400: loss=0.9811
grad iter 2600: loss=0.9552
grad iter 2800: loss=0.9906
grad iter 0: loss=1.0494
grad iter 200: loss=1.0443
grad iter 400: loss=1.0444
grad iter 600: loss=1.0443
grad iter 800: loss=1.0444
grad iter 1000: loss=1.0444
grad iter 1200: loss=1.0444
grad iter 1400: loss=1.0443
grad iter 1600: loss=1.0444
grad iter 1800: loss=1.0445
grad iter 2000: loss=1.0444
grad iter 2200: loss=1.0444
grad iter 2400: loss=1.0444
grad iter 2600: loss=1.0444
grad iter 2800: loss=1.0444
saved scale_N5_41.png
grad iter 0: loss=1.0475
grad iter 200: loss=1.0431
grad iter 400: loss=1.0431
grad iter 600: loss=1.0430
grad iter 800: loss=1.0430
grad iter 1000: loss=1.0430
grad iter 1200: loss=1.0430
grad iter 1400: loss=1.0430
grad iter 1600: loss=1.0429
grad iter 1800: loss=1.0429
grad iter 2000: loss=1.0429
grad iter 2200: loss=1.0429
grad iter 2400: loss=1.0429
grad iter 2600: loss=1.0429
grad iter 2800: loss=1.0428
saved scale_N5_42.png
grad iter 0: loss=1.0327
grad iter 200: loss=1.0432
grad iter 400: loss=1.0432
grad iter 600: loss=1.0435
grad iter 800: loss=1.0432
grad iter 1000: loss=1.0432
grad iter 1200: loss=1.0432
grad iter 1400: loss=1.0432
grad iter 1600: loss=1.0344
grad iter 1800: loss=1.0414
grad iter 2000: loss=1.0414
grad iter 2200: loss=1.0414
grad iter 2400: loss=1.0413
grad iter 2600: loss=1.0413
grad iter 2800: loss=1.0414
saved scale_N5_43.png
grad iter 0: loss=1.0332
grad iter 200: loss=1.0279
grad iter 400: loss=1.0278
grad iter 600: loss=1.0277
grad iter 800: loss=1.0275
grad iter 1000: loss=1.0276
grad iter 1200: loss=1.0273
grad iter 1400: loss=1.0271
grad iter 1600: loss=1.0269
grad iter 1800: loss=1.0270
grad iter 2000: loss=1.0267
grad iter 2200: loss=1.0266
grad iter 2400: loss=1.0265
grad iter 2600: loss=1.0264
grad iter 2800: loss=1.0262
saved scale_N5_44.png
grad iter 0: loss=nan
grad iter 200: loss=nan
grad iter 400: loss=nan
grad iter 600: loss=nan
grad iter 800: loss=nan
grad iter 1000: loss=nan
grad iter 1200: loss=nan
grad iter 1400: loss=nan
grad iter 1600: loss=nan
grad iter 1800: loss=nan
grad iter 2000: loss=nan
grad iter 2200: loss=nan
grad iter 2400: loss=nan
grad iter 2600: loss=nan
grad iter 2800: loss=nan
seed 45 DIVERGED, max_eig set to nan
grad iter 0: loss=1.0386
grad iter 200: loss=1.0196
grad iter 400: loss=1.0194
grad iter 600: loss=1.0194
grad iter 800: loss=1.0193
grad iter 1000: loss=1.0192
grad iter 1200: loss=1.0192
grad iter 1400: loss=1.0192
grad iter 1600: loss=1.0193
grad iter 1800: loss=1.0191
grad iter 2000: loss=1.0191
grad iter 2200: loss=1.0190
grad iter 2400: loss=1.0190
grad iter 2600: loss=1.0189
grad iter 2800: loss=1.0189
saved scale_N5_46.png
grad iter 0: loss=1.0488
grad iter 200: loss=0.8366
grad iter 400: loss=0.8336
grad iter 600: loss=0.8329
grad iter 800: loss=0.8288
grad iter 1000: loss=0.8254
grad iter 1200: loss=0.8254
grad iter 1400: loss=0.8206
grad iter 1600: loss=0.8167
grad iter 1800: loss=0.8127
grad iter 2000: loss=0.8097
grad iter 2200: loss=0.8430
grad iter 2400: loss=0.8164
grad iter 2600: loss=0.8067
grad iter 2800: loss=0.8045
saved scale_N5_47.png
grad iter 0: loss=1.0494
grad iter 200: loss=nan
grad iter 400: loss=nan
grad iter 600: loss=nan
grad iter 800: loss=nan
grad iter 1000: loss=nan
grad iter 1200: loss=nan
grad iter 1400: loss=nan
grad iter 1600: loss=nan
grad iter 1800: loss=nan
grad iter 2000: loss=nan
grad iter 2200: loss=nan
grad iter 2400: loss=nan
grad iter 2600: loss=nan
grad iter 2800: loss=nan
seed 48 DIVERGED, max_eig set to nan
grad iter 0: loss=1.0477
grad iter 200: loss=1.0445
grad iter 400: loss=1.0442
grad iter 600: loss=1.0442
grad iter 800: loss=1.0441
grad iter 1000: loss=1.0441
grad iter 1200: loss=1.0442
grad iter 1400: loss=1.0441
grad iter 1600: loss=1.0442
grad iter 1800: loss=1.0441
grad iter 2000: loss=1.0442
grad iter 2200: loss=1.0431
grad iter 2400: loss=1.0431
grad iter 2600: loss=1.0430
grad iter 2800: loss=1.0430
saved scale_N5_49.png
grad iter 0: loss=1.0487
grad iter 200: loss=nan
grad iter 400: loss=nan
grad iter 600: loss=nan
grad iter 800: loss=nan
grad iter 1000: loss=nan
grad iter 1200: loss=nan
grad iter 1400: loss=nan
grad iter 1600: loss=nan
grad iter 1800: loss=nan
grad iter 2000: loss=nan
grad iter 2200: loss=nan
grad iter 2400: loss=nan
grad iter 2600: loss=nan
grad iter 2800: loss=nan
seed 50 DIVERGED, max_eig set to nan
grad iter 0: loss=1.0471
grad iter 200: loss=1.0438
grad iter 400: loss=nan
grad iter 600: loss=nan
grad iter 800: loss=nan
grad iter 1000: loss=nan
grad iter 1200: loss=nan
grad iter 1400: loss=nan
grad iter 1600: loss=nan
grad iter 1800: loss=nan
grad iter 2000: loss=nan
grad iter 2200: loss=nan
grad iter 2400: loss=nan
grad iter 2600: loss=nan
grad iter 2800: loss=nan
seed 51 DIVERGED, max_eig set to nan
grad iter 0: loss=1.0494
grad iter 200: loss=1.0434
grad iter 400: loss=1.0422
grad iter 600: loss=1.0432
grad iter 800: loss=1.0429
grad iter 1000: loss=1.0393
grad iter 1200: loss=1.0433
grad iter 1400: loss=1.0433
grad iter 1600: loss=1.0448
grad iter 1800: loss=1.0444
grad iter 2000: loss=1.0457
grad iter 2200: loss=1.0446
grad iter 2400: loss=1.0444
grad iter 2600: loss=1.0446
grad iter 2800: loss=1.0445
saved scale_N5_52.png
grad iter 0: loss=1.0494
grad iter 200: loss=1.0354
grad iter 400: loss=1.0362
grad iter 600: loss=1.0360
grad iter 800: loss=1.0354
grad iter 1000: loss=1.0350
grad iter 1200: loss=1.0356
grad iter 1400: loss=1.0364
grad iter 1600: loss=1.0340
grad iter 1800: loss=1.0389
grad iter 2000: loss=1.0408
grad iter 2200: loss=1.0449
grad iter 2400: loss=1.0453
grad iter 2600: loss=1.0494
grad iter 2800: loss=1.0494
saved scale_N5_53.png
grad iter 0: loss=1.0393
grad iter 200: loss=1.0433
grad iter 400: loss=1.0429
grad iter 600: loss=1.0488
grad iter 800: loss=1.0465
grad iter 1000: loss=1.0463
grad iter 1200: loss=1.0465
grad iter 1400: loss=1.0464
grad iter 1600: loss=1.0463
grad iter 1800: loss=1.0466
grad iter 2000: loss=1.0463
grad iter 2200: loss=1.0465
grad iter 2400: loss=1.0463
grad iter 2600: loss=1.0464
grad iter 2800: loss=1.0464
saved scale_N5_54.png
grad iter 0: loss=1.0487
grad iter 200: loss=nan
grad iter 400: loss=nan
grad iter 600: loss=nan
grad iter 800: loss=nan
grad iter 1000: loss=nan
grad iter 1200: loss=nan
grad iter 1400: loss=nan
grad iter 1600: loss=nan
grad iter 1800: loss=nan
grad iter 2000: loss=nan
grad iter 2200: loss=nan
grad iter 2400: loss=nan
grad iter 2600: loss=nan
grad iter 2800: loss=nan
seed 55 DIVERGED, max_eig set to nan
grad iter 0: loss=1.0493
grad iter 200: loss=1.0459
grad iter 400: loss=1.0432
grad iter 600: loss=1.0432
grad iter 800: loss=1.0433
grad iter 1000: loss=1.0475
grad iter 1200: loss=1.0494
grad iter 1400: loss=1.0494
grad iter 1600: loss=1.0494
grad iter 1800: loss=1.0494
grad iter 2000: loss=1.0494
grad iter 2200: loss=1.0494
grad iter 2400: loss=1.0494
grad iter 2600: loss=1.0494
grad iter 2800: loss=1.0494
saved scale_N5_56.png
grad iter 0: loss=1.0470
grad iter 200: loss=1.0435
grad iter 400: loss=1.0432
grad iter 600: loss=1.0433
grad iter 800: loss=1.0434
grad iter 1000: loss=1.0434
grad iter 1200: loss=1.0438
grad iter 1400: loss=1.0433
grad iter 1600: loss=1.0421
grad iter 1800: loss=1.0433
grad iter 2000: loss=1.0437
grad iter 2200: loss=1.0432
grad iter 2400: loss=1.0432
grad iter 2600: loss=1.0431
grad iter 2800: loss=1.0432
saved scale_N5_57.png
grad iter 0: loss=1.0489
grad iter 200: loss=nan
grad iter 400: loss=nan
grad iter 600: loss=nan
grad iter 800: loss=nan
grad iter 1000: loss=nan
grad iter 1200: loss=nan
grad iter 1400: loss=nan
grad iter 1600: loss=nan
grad iter 1800: loss=nan
grad iter 2000: loss=nan
grad iter 2200: loss=nan
grad iter 2400: loss=nan
grad iter 2600: loss=nan
grad iter 2800: loss=nan
seed 58 DIVERGED, max_eig set to nan
grad iter 0: loss=nan
grad iter 200: loss=nan
grad iter 400: loss=nan
grad iter 600: loss=nan
grad iter 800: loss=nan
grad iter 1000: loss=nan
grad iter 1200: loss=nan
grad iter 1400: loss=nan
grad iter 1600: loss=nan
grad iter 1800: loss=nan
grad iter 2000: loss=nan
grad iter 2200: loss=nan
grad iter 2400: loss=nan
grad iter 2600: loss=nan
grad iter 2800: loss=nan
seed 59 DIVERGED, max_eig set to nan
grad iter 0: loss=1.0477
grad iter 200: loss=1.0471
grad iter 400: loss=1.0476
grad iter 600: loss=1.0466
grad iter 800: loss=1.0463
grad iter 1000: loss=1.0463
grad iter 1200: loss=1.0463
grad iter 1400: loss=1.0463
grad iter 1600: loss=1.0462
grad iter 1800: loss=1.0462
grad iter 2000: loss=1.0461
grad iter 2200: loss=1.0460
grad iter 2400: loss=1.0459
grad iter 2600: loss=1.0457
grad iter 2800: loss=1.0456
grad iter 0: loss=1.0487
grad iter 200: loss=1.0249
grad iter 400: loss=1.0242
grad iter 600: loss=1.0227
grad iter 800: loss=1.0280
grad iter 1000: loss=1.0213
grad iter 1200: loss=1.0230
grad iter 1400: loss=1.0200
grad iter 1600: loss=1.0189
grad iter 1800: loss=1.0196
grad iter 2000: loss=1.0194
grad iter 2200: loss=1.0206
grad iter 2400: loss=1.0188
grad iter 2600: loss=1.0233
grad iter 2800: loss=1.0189
saved scale_N5_61.png
grad iter 0: loss=1.0493
grad iter 200: loss=nan
grad iter 400: loss=nan
grad iter 600: loss=nan
grad iter 800: loss=nan
grad iter 1000: loss=nan
grad iter 1200: loss=nan
grad iter 1400: loss=nan
grad iter 1600: loss=nan
grad iter 1800: loss=nan
grad iter 2000: loss=nan
grad iter 2200: loss=nan
grad iter 2400: loss=nan
grad iter 2600: loss=nan
grad iter 2800: loss=nan
seed 62 DIVERGED, max_eig set to nan
grad iter 0: loss=1.0485
grad iter 200: loss=nan
grad iter 400: loss=nan
grad iter 600: loss=nan
grad iter 800: loss=nan
grad iter 1000: loss=nan
grad iter 1200: loss=nan
grad iter 1400: loss=nan
grad iter 1600: loss=nan
grad iter 1800: loss=nan
grad iter 2000: loss=nan
grad iter 2200: loss=nan
grad iter 2400: loss=nan
grad iter 2600: loss=nan
grad iter 2800: loss=nan
seed 63 DIVERGED, max_eig set to nan
grad iter 0: loss=1.0485
grad iter 200: loss=1.0298
grad iter 400: loss=1.0293
grad iter 600: loss=1.0294
grad iter 800: loss=1.0420
grad iter 1000: loss=1.0352
grad iter 1200: loss=1.0432
grad iter 1400: loss=1.0432
grad iter 1600: loss=1.0433
grad iter 1800: loss=1.0433
grad iter 2000: loss=1.0432
grad iter 2200: loss=1.0433
grad iter 2400: loss=1.0433
grad iter 2600: loss=1.0433
grad iter 2800: loss=1.0433
saved scale_N5_64.png
grad iter 0: loss=1.0484
grad iter 200: loss=1.0486
grad iter 400: loss=1.0488
grad iter 600: loss=1.0487
grad iter 800: loss=1.0490
grad iter 1000: loss=nan
grad iter 1200: loss=nan
grad iter 1400: loss=nan
grad iter 1600: loss=nan
grad iter 1800: loss=nan
grad iter 2000: loss=nan
grad iter 2200: loss=nan
grad iter 2400: loss=nan
grad iter 2600: loss=nan
grad iter 2800: loss=nan
seed 65 DIVERGED, max_eig set to nan
grad iter 0: loss=1.0487
grad iter 200: loss=nan
grad iter 400: loss=nan
grad iter 600: loss=nan
grad iter 800: loss=nan
grad iter 1000: loss=nan
grad iter 1200: loss=nan
grad iter 1400: loss=nan
grad iter 1600: loss=nan
grad iter 1800: loss=nan
grad iter 2000: loss=nan
grad iter 2200: loss=nan
grad iter 2400: loss=nan
grad iter 2600: loss=nan
grad iter 2800: loss=nan
seed 66 DIVERGED, max_eig set to nan
grad iter 0: loss=1.0483
grad iter 200: loss=1.0484
grad iter 400: loss=1.0474
grad iter 600: loss=1.0474
grad iter 800: loss=1.0472
grad iter 1000: loss=1.0473
grad iter 1200: loss=1.0476
grad iter 1400: loss=1.0473
grad iter 1600: loss=1.0473
grad iter 1800: loss=1.0474
grad iter 2000: loss=1.0474
grad iter 2200: loss=1.0472
grad iter 2400: loss=1.0474
grad iter 2600: loss=1.0473
grad iter 2800: loss=1.0476
saved scale_N5_67.png
grad iter 0: loss=1.0494
grad iter 200: loss=1.0494
grad iter 400: loss=1.0494
grad iter 600: loss=1.0494
grad iter 800: loss=1.0494
grad iter 1000: loss=nan
grad iter 1200: loss=nan
grad iter 1400: loss=nan
grad iter 1600: loss=nan
grad iter 1800: loss=nan
grad iter 2000: loss=nan
grad iter 2200: loss=nan
grad iter 2400: loss=nan
grad iter 2600: loss=nan
grad iter 2800: loss=nan
seed 68 DIVERGED, max_eig set to nan
grad iter 0: loss=1.0415
grad iter 200: loss=1.0445
grad iter 400: loss=1.0443
grad iter 600: loss=1.0445
grad iter 800: loss=1.0445
grad iter 1000: loss=1.0444
grad iter 1200: loss=1.0443
grad iter 1400: loss=1.0443
grad iter 1600: loss=1.0443
grad iter 1800: loss=1.0444
grad iter 2000: loss=1.0444
grad iter 2200: loss=1.0444
grad iter 2400: loss=1.0443
grad iter 2600: loss=1.0443
grad iter 2800: loss=1.0443
saved scale_N5_69.png
cycle emerged: 4/70
stable FP:     0/70
