HYPERPARAMETERS
==================================================
N=5 || dt=0.1 || n_steps=2000 || burn_in=200, theta_init=0.5
N=5  matched target period = 32.500 time units (325.0 steps)
N=5  period=325 steps  ->  n_steps=2800
final reward: -0.0062599522061645985
readout MSE 0.0022  vs constant-mean 1.0501
kept seed cycle: False
HYPERPARAMETERS
==================================================
N=5 || dt=0.1 || n_steps=2000 || burn_in=200, theta_init=0.5
N=5  matched target period = 32.680 time units (326.8 steps)
N=5  period=327 steps  ->  n_steps=2814
final reward: -0.007391071878373623
readout MSE 0.0027  vs constant-mean 1.0501
kept seed cycle: False
HYPERPARAMETERS
==================================================
N=5 || dt=0.1 || n_steps=2000 || burn_in=200, theta_init=0.5
N=5  matched target period = 32.240 time units (322.4 steps)
N=5  period=322 steps  ->  n_steps=2779
final reward: -0.0059461104683578014
readout MSE 0.0029  vs constant-mean 1.0501
kept seed cycle: False
HYPERPARAMETERS
==================================================
N=5 || dt=0.1 || n_steps=2000 || burn_in=200, theta_init=0.5
N=5  matched target period = 32.500 time units (325.0 steps)
N=5  period=325 steps  ->  n_steps=2800
final reward: -0.006772039923816919
readout MSE 0.0029  vs constant-mean 1.0500
kept seed cycle: False
HYPERPARAMETERS
==================================================
N=5 || dt=0.1 || n_steps=2000 || burn_in=200, theta_init=0.5
N=5  matched target period = 32.840 time units (328.4 steps)
N=5  period=328 steps  ->  n_steps=2827
final reward: -0.007907692342996597
readout MSE 0.0031  vs constant-mean 1.0500
kept seed cycle: False
HYPERPARAMETERS
==================================================
N=5 || dt=0.1 || n_steps=2000 || burn_in=200, theta_init=0.5
N=5  matched target period = 31.780 time units (317.8 steps)
N=5  period=318 steps  ->  n_steps=2742
final reward: -0.0065961675718426704
readout MSE 0.0029  vs constant-mean 1.0501
kept seed cycle: False
HYPERPARAMETERS
==================================================
N=5 || dt=0.1 || n_steps=2000 || burn_in=200, theta_init=0.5
N=5  matched target period = 32.520 time units (325.2 steps)
N=5  period=325 steps  ->  n_steps=2801
final reward: -0.007508396171033382
readout MSE 0.0028  vs constant-mean 1.0501
kept seed cycle: False
HYPERPARAMETERS
==================================================
N=5 || dt=0.1 || n_steps=2000 || burn_in=200, theta_init=0.5
N=5  matched target period = 33.040 time units (330.4 steps)
N=5  period=330 steps  ->  n_steps=2843
final reward: -0.007419215049594641
readout MSE 0.0031  vs constant-mean 1.0501
kept seed cycle: False
HYPERPARAMETERS
==================================================
N=5 || dt=0.1 || n_steps=2000 || burn_in=200, theta_init=0.5
N=5  matched target period = 32.325 time units (323.2 steps)
N=5  period=323 steps  ->  n_steps=2786
final reward: -0.0063847643323242664
readout MSE 0.0033  vs constant-mean 1.0501
kept seed cycle: False
HYPERPARAMETERS
==================================================
N=5 || dt=0.1 || n_steps=2000 || burn_in=200, theta_init=0.5
N=5  matched target period = 31.180 time units (311.8 steps)
N=5  period=312 steps  ->  n_steps=2694
final reward: -0.005303158890455961
readout MSE 0.0030  vs constant-mean 1.0501
kept seed cycle: False
