HYPERPARAMETERS
==================================================
N=5 || dt=0.1 || n_steps=2000 || burn_in=200, theta_init=0.5
WARN: warm start not oscillating; using fallback period 6.283185307179586
N=5  matched target period = 6.283 time units (62.8 steps)
N=5  period=63 steps  ->  n_steps=702
final reward: -1.0150294303894043
readout MSE 0.9200  vs constant-mean 1.0504
A from actual W:
 [[0 0 0 0 0]
 [1 0 0 0 0]
 [0 1 0 0 0]
 [0 0 0 0 0]
 [0 0 0 1 0]]
matches seed: False
gates on masked edges: [0.9756487  0.94344062 0.44942859 0.69487166]
gates off-mask: 0.9346744418144226
W on masked edges: [-0.91461074 -0.9339356  -1.2303429  -1.083077  ]
saved topo_abl_scale_N5.png
A_fixed:
 [[0 0 0 0 0]
 [1 0 0 0 0]
 [0 1 0 0 0]
 [0 0 1 0 0]
 [0 0 0 1 0]]
new edges formed: 0
acyclic: True
rows: [0 0 0 0 1 1 1 1 2 2 2 2 3 3 3 3 4 4 4 4]
cols: [1 2 3 4 0 2 3 4 0 1 3 4 0 1 2 4 0 1 2 3]
A_fixed[rows, cols]: [False False False False  True False False False False  True False False
 False False  True False False False False  True]
A_fixed[cols, rows]: [ True False False False False  True False False False False  True False
 False False False  True False False False False]
kept seed cycle: False
RUNNING HARDENED CTLN CHECK...
seed  0: z_std=1.00 cycle=False topo=False fp_unstable=True  hamiltonian=False amp=0.000 period=None eig=+1.557
RUNNING HARDENED CTLN CHECK...
seed  0: z_std=2.00 cycle=False topo=False fp_unstable=True  hamiltonian=False amp=0.000 period=None eig=+1.557
RUNNING HARDENED CTLN CHECK...
seed  0: z_std=3.00 cycle=False topo=False fp_unstable=True  hamiltonian=False amp=0.000 period=None eig=+1.557
RUNNING HARDENED CTLN CHECK...
seed  1: z_std=1.00 cycle=False topo=False fp_unstable=True  hamiltonian=False amp=0.000 period=None eig=+1.558
RUNNING HARDENED CTLN CHECK...
seed  1: z_std=2.00 cycle=False topo=False fp_unstable=True  hamiltonian=False amp=0.000 period=None eig=+1.558
RUNNING HARDENED CTLN CHECK...
seed  1: z_std=3.00 cycle=False topo=False fp_unstable=True  hamiltonian=False amp=0.000 period=None eig=+1.558
RUNNING HARDENED CTLN CHECK...
seed  2: z_std=1.00 cycle=False topo=False fp_unstable=True  hamiltonian=False amp=0.000 period=None eig=+1.556
RUNNING HARDENED CTLN CHECK...
seed  2: z_std=2.00 cycle=False topo=False fp_unstable=True  hamiltonian=False amp=0.000 period=None eig=+1.556
RUNNING HARDENED CTLN CHECK...
seed  2: z_std=3.00 cycle=False topo=False fp_unstable=True  hamiltonian=False amp=0.000 period=None eig=+1.556
RUNNING HARDENED CTLN CHECK...
seed  3: z_std=1.00 cycle=False topo=False fp_unstable=True  hamiltonian=False amp=0.000 period=None eig=+1.557
RUNNING HARDENED CTLN CHECK...
seed  3: z_std=2.00 cycle=False topo=False fp_unstable=True  hamiltonian=False amp=0.000 period=None eig=+1.557
RUNNING HARDENED CTLN CHECK...
seed  3: z_std=3.00 cycle=False topo=False fp_unstable=True  hamiltonian=False amp=0.000 period=None eig=+1.557
RUNNING HARDENED CTLN CHECK...
seed  4: z_std=1.00 cycle=False topo=False fp_unstable=True  hamiltonian=False amp=0.000 period=None eig=+1.557
RUNNING HARDENED CTLN CHECK...
seed  4: z_std=2.00 cycle=False topo=False fp_unstable=True  hamiltonian=False amp=0.000 period=None eig=+1.557
RUNNING HARDENED CTLN CHECK...
seed  4: z_std=3.00 cycle=False topo=False fp_unstable=True  hamiltonian=False amp=0.000 period=None eig=+1.557
RUNNING HARDENED CTLN CHECK...
seed  5: z_std=1.00 cycle=False topo=False fp_unstable=True  hamiltonian=False amp=0.000 period=None eig=+1.557
RUNNING HARDENED CTLN CHECK...
seed  5: z_std=2.00 cycle=False topo=False fp_unstable=True  hamiltonian=False amp=0.000 period=None eig=+1.557
RUNNING HARDENED CTLN CHECK...
seed  5: z_std=3.00 cycle=False topo=False fp_unstable=True  hamiltonian=False amp=0.000 period=None eig=+1.557
RUNNING HARDENED CTLN CHECK...
seed  6: z_std=1.00 cycle=False topo=False fp_unstable=True  hamiltonian=False amp=0.000 period=None eig=+1.558
RUNNING HARDENED CTLN CHECK...
seed  6: z_std=2.00 cycle=False topo=False fp_unstable=True  hamiltonian=False amp=0.000 period=None eig=+1.558
RUNNING HARDENED CTLN CHECK...
seed  6: z_std=3.00 cycle=False topo=False fp_unstable=True  hamiltonian=False amp=0.000 period=None eig=+1.558
RUNNING HARDENED CTLN CHECK...
seed  7: z_std=1.00 cycle=False topo=False fp_unstable=True  hamiltonian=False amp=0.000 period=None eig=+1.551
RUNNING HARDENED CTLN CHECK...
seed  7: z_std=2.00 cycle=False topo=False fp_unstable=True  hamiltonian=False amp=0.000 period=None eig=+1.551
RUNNING HARDENED CTLN CHECK...
seed  7: z_std=3.00 cycle=False topo=False fp_unstable=True  hamiltonian=False amp=0.000 period=None eig=+1.551
RUNNING HARDENED CTLN CHECK...
seed  8: z_std=1.00 cycle=False topo=False fp_unstable=True  hamiltonian=False amp=0.000 period=None eig=+1.557
RUNNING HARDENED CTLN CHECK...
seed  8: z_std=2.00 cycle=False topo=False fp_unstable=True  hamiltonian=False amp=0.000 period=None eig=+1.557
RUNNING HARDENED CTLN CHECK...
seed  8: z_std=3.00 cycle=False topo=False fp_unstable=True  hamiltonian=False amp=0.000 period=None eig=+1.557
RUNNING HARDENED CTLN CHECK...
seed  9: z_std=1.00 cycle=False topo=False fp_unstable=True  hamiltonian=False amp=0.000 period=None eig=+1.557
RUNNING HARDENED CTLN CHECK...
seed  9: z_std=2.00 cycle=False topo=False fp_unstable=True  hamiltonian=False amp=0.000 period=None eig=+1.557
RUNNING HARDENED CTLN CHECK...
seed  9: z_std=3.00 cycle=False topo=False fp_unstable=True  hamiltonian=False amp=0.000 period=None eig=+1.557
RUNNING HARDENED CTLN CHECK...
seed 10: z_std=1.00 cycle=False topo=False fp_unstable=True  hamiltonian=False amp=0.000 period=None eig=+1.562
RUNNING HARDENED CTLN CHECK...
seed 10: z_std=2.00 cycle=False topo=False fp_unstable=True  hamiltonian=False amp=0.000 period=None eig=+1.562
RUNNING HARDENED CTLN CHECK...
seed 10: z_std=3.00 cycle=False topo=False fp_unstable=True  hamiltonian=False amp=0.000 period=None eig=+1.562
RUNNING HARDENED CTLN CHECK...
seed 11: z_std=1.00 cycle=False topo=False fp_unstable=True  hamiltonian=False amp=0.000 period=None eig=+1.557
RUNNING HARDENED CTLN CHECK...
seed 11: z_std=2.00 cycle=False topo=False fp_unstable=True  hamiltonian=False amp=0.000 period=None eig=+1.557
RUNNING HARDENED CTLN CHECK...
seed 11: z_std=3.00 cycle=False topo=False fp_unstable=True  hamiltonian=False amp=0.000 period=None eig=+1.557
RUNNING HARDENED CTLN CHECK...
seed 12: z_std=1.00 cycle=False topo=False fp_unstable=True  hamiltonian=False amp=0.000 period=None eig=+1.557
RUNNING HARDENED CTLN CHECK...
seed 12: z_std=2.00 cycle=False topo=False fp_unstable=True  hamiltonian=False amp=0.000 period=None eig=+1.557
RUNNING HARDENED CTLN CHECK...
seed 12: z_std=3.00 cycle=False topo=False fp_unstable=True  hamiltonian=False amp=0.000 period=None eig=+1.557
RUNNING HARDENED CTLN CHECK...
seed 13: z_std=1.00 cycle=False topo=False fp_unstable=True  hamiltonian=False amp=0.000 period=None eig=+1.557
RUNNING HARDENED CTLN CHECK...
seed 13: z_std=2.00 cycle=False topo=False fp_unstable=True  hamiltonian=False amp=0.000 period=None eig=+1.557
RUNNING HARDENED CTLN CHECK...
seed 13: z_std=3.00 cycle=False topo=False fp_unstable=True  hamiltonian=False amp=0.000 period=None eig=+1.557
RUNNING HARDENED CTLN CHECK...
seed 14: z_std=1.00 cycle=False topo=False fp_unstable=True  hamiltonian=False amp=0.000 period=None eig=+1.553
RUNNING HARDENED CTLN CHECK...
seed 14: z_std=2.00 cycle=False topo=False fp_unstable=True  hamiltonian=False amp=0.000 period=None eig=+1.553
RUNNING HARDENED CTLN CHECK...
seed 14: z_std=3.00 cycle=False topo=False fp_unstable=True  hamiltonian=False amp=0.000 period=None eig=+1.553
RUNNING HARDENED CTLN CHECK...
seed 15: z_std=1.00 cycle=False topo=False fp_unstable=True  hamiltonian=False amp=0.000 period=None eig=+1.557
RUNNING HARDENED CTLN CHECK...
seed 15: z_std=2.00 cycle=False topo=False fp_unstable=True  hamiltonian=False amp=0.000 period=None eig=+1.557
RUNNING HARDENED CTLN CHECK...
seed 15: z_std=3.00 cycle=False topo=False fp_unstable=True  hamiltonian=False amp=0.000 period=None eig=+1.557
RUNNING HARDENED CTLN CHECK...
seed 16: z_std=1.00 cycle=False topo=False fp_unstable=True  hamiltonian=False amp=0.000 period=None eig=+1.556
RUNNING HARDENED CTLN CHECK...
seed 16: z_std=2.00 cycle=False topo=False fp_unstable=True  hamiltonian=False amp=0.000 period=None eig=+1.556
RUNNING HARDENED CTLN CHECK...
seed 16: z_std=3.00 cycle=False topo=False fp_unstable=True  hamiltonian=False amp=0.000 period=None eig=+1.556
RUNNING HARDENED CTLN CHECK...
seed 17: z_std=1.00 cycle=False topo=False fp_unstable=True  hamiltonian=False amp=0.000 period=None eig=+1.557
RUNNING HARDENED CTLN CHECK...
seed 17: z_std=2.00 cycle=False topo=False fp_unstable=True  hamiltonian=False amp=0.000 period=None eig=+1.557
RUNNING HARDENED CTLN CHECK...
seed 17: z_std=3.00 cycle=False topo=False fp_unstable=True  hamiltonian=False amp=0.000 period=None eig=+1.557
RUNNING HARDENED CTLN CHECK...
seed 18: z_std=1.00 cycle=False topo=False fp_unstable=True  hamiltonian=False amp=0.000 period=None eig=+1.554
RUNNING HARDENED CTLN CHECK...
seed 18: z_std=2.00 cycle=False topo=False fp_unstable=True  hamiltonian=False amp=0.000 period=None eig=+1.554
RUNNING HARDENED CTLN CHECK...
seed 18: z_std=3.00 cycle=False topo=False fp_unstable=True  hamiltonian=False amp=0.000 period=None eig=+1.554
RUNNING HARDENED CTLN CHECK...
seed 19: z_std=1.00 cycle=False topo=False fp_unstable=True  hamiltonian=False amp=0.000 period=None eig=+1.557
RUNNING HARDENED CTLN CHECK...
seed 19: z_std=2.00 cycle=False topo=False fp_unstable=True  hamiltonian=False amp=0.000 period=None eig=+1.557
RUNNING HARDENED CTLN CHECK...
seed 19: z_std=3.00 cycle=False topo=False fp_unstable=True  hamiltonian=False amp=0.000 period=None eig=+1.557
RUNNING HARDENED CTLN CHECK...
seed 20: z_std=1.00 cycle=False topo=False fp_unstable=True  hamiltonian=False amp=0.000 period=None eig=+1.558
RUNNING HARDENED CTLN CHECK...
seed 20: z_std=2.00 cycle=False topo=False fp_unstable=True  hamiltonian=False amp=0.000 period=None eig=+1.558
RUNNING HARDENED CTLN CHECK...
seed 20: z_std=3.00 cycle=False topo=False fp_unstable=True  hamiltonian=False amp=0.000 period=None eig=+1.558
RUNNING HARDENED CTLN CHECK...
seed 21: z_std=1.00 cycle=False topo=False fp_unstable=True  hamiltonian=False amp=0.000 period=None eig=+1.558
RUNNING HARDENED CTLN CHECK...
seed 21: z_std=2.00 cycle=False topo=False fp_unstable=True  hamiltonian=False amp=0.000 period=None eig=+1.558
RUNNING HARDENED CTLN CHECK...
seed 21: z_std=3.00 cycle=False topo=False fp_unstable=True  hamiltonian=False amp=0.000 period=None eig=+1.558
RUNNING HARDENED CTLN CHECK...
seed 22: z_std=1.00 cycle=False topo=False fp_unstable=True  hamiltonian=False amp=0.000 period=None eig=+1.557
RUNNING HARDENED CTLN CHECK...
seed 22: z_std=2.00 cycle=False topo=False fp_unstable=True  hamiltonian=False amp=0.000 period=None eig=+1.557
RUNNING HARDENED CTLN CHECK...
seed 22: z_std=3.00 cycle=False topo=False fp_unstable=True  hamiltonian=False amp=0.000 period=None eig=+1.557
RUNNING HARDENED CTLN CHECK...
seed 23: z_std=1.00 cycle=False topo=False fp_unstable=True  hamiltonian=False amp=0.000 period=None eig=+1.555
RUNNING HARDENED CTLN CHECK...
seed 23: z_std=2.00 cycle=False topo=False fp_unstable=True  hamiltonian=False amp=0.000 period=None eig=+1.555
RUNNING HARDENED CTLN CHECK...
seed 23: z_std=3.00 cycle=False topo=False fp_unstable=True  hamiltonian=False amp=0.000 period=None eig=+1.555
RUNNING HARDENED CTLN CHECK...
seed 24: z_std=1.00 cycle=False topo=False fp_unstable=True  hamiltonian=False amp=0.000 period=None eig=+1.557
RUNNING HARDENED CTLN CHECK...
seed 24: z_std=2.00 cycle=False topo=False fp_unstable=True  hamiltonian=False amp=0.000 period=None eig=+1.557
RUNNING HARDENED CTLN CHECK...
seed 24: z_std=3.00 cycle=False topo=False fp_unstable=True  hamiltonian=False amp=0.000 period=None eig=+1.557
RUNNING HARDENED CTLN CHECK...
seed 25: z_std=1.00 cycle=False topo=False fp_unstable=True  hamiltonian=False amp=0.000 period=None eig=+1.556
RUNNING HARDENED CTLN CHECK...
seed 25: z_std=2.00 cycle=False topo=False fp_unstable=True  hamiltonian=False amp=0.000 period=None eig=+1.556
RUNNING HARDENED CTLN CHECK...
seed 25: z_std=3.00 cycle=False topo=False fp_unstable=True  hamiltonian=False amp=0.000 period=None eig=+1.556
RUNNING HARDENED CTLN CHECK...
seed 26: z_std=1.00 cycle=False topo=False fp_unstable=True  hamiltonian=False amp=0.000 period=None eig=+1.560
RUNNING HARDENED CTLN CHECK...
seed 26: z_std=2.00 cycle=False topo=False fp_unstable=True  hamiltonian=False amp=0.000 period=None eig=+1.560
RUNNING HARDENED CTLN CHECK...
seed 26: z_std=3.00 cycle=False topo=False fp_unstable=True  hamiltonian=False amp=0.000 period=None eig=+1.560
RUNNING HARDENED CTLN CHECK...
seed 27: z_std=1.00 cycle=False topo=False fp_unstable=True  hamiltonian=False amp=0.000 period=None eig=+1.557
RUNNING HARDENED CTLN CHECK...
seed 27: z_std=2.00 cycle=False topo=False fp_unstable=True  hamiltonian=False amp=0.000 period=None eig=+1.557
RUNNING HARDENED CTLN CHECK...
seed 27: z_std=3.00 cycle=False topo=False fp_unstable=True  hamiltonian=False amp=0.000 period=None eig=+1.557
RUNNING HARDENED CTLN CHECK...
seed 28: z_std=1.00 cycle=False topo=False fp_unstable=True  hamiltonian=False amp=0.000 period=None eig=+1.558
RUNNING HARDENED CTLN CHECK...
seed 28: z_std=2.00 cycle=False topo=False fp_unstable=True  hamiltonian=False amp=0.000 period=None eig=+1.558
RUNNING HARDENED CTLN CHECK...
seed 28: z_std=3.00 cycle=False topo=False fp_unstable=True  hamiltonian=False amp=0.000 period=None eig=+1.558
RUNNING HARDENED CTLN CHECK...
seed 29: z_std=1.00 cycle=False topo=False fp_unstable=True  hamiltonian=False amp=0.000 period=None eig=+1.557
RUNNING HARDENED CTLN CHECK...
seed 29: z_std=2.00 cycle=False topo=False fp_unstable=True  hamiltonian=False amp=0.000 period=None eig=+1.557
RUNNING HARDENED CTLN CHECK...
seed 29: z_std=3.00 cycle=False topo=False fp_unstable=True  hamiltonian=False amp=0.000 period=None eig=+1.557
RUNNING HARDENED CTLN CHECK...
seed 30: z_std=1.00 cycle=False topo=False fp_unstable=True  hamiltonian=False amp=0.000 period=None eig=+1.557
RUNNING HARDENED CTLN CHECK...
seed 30: z_std=2.00 cycle=False topo=False fp_unstable=True  hamiltonian=False amp=0.000 period=None eig=+1.557
RUNNING HARDENED CTLN CHECK...
seed 30: z_std=3.00 cycle=False topo=False fp_unstable=True  hamiltonian=False amp=0.000 period=None eig=+1.557
RUNNING HARDENED CTLN CHECK...
seed 31: z_std=1.00 cycle=False topo=False fp_unstable=True  hamiltonian=False amp=0.000 period=None eig=+1.557
RUNNING HARDENED CTLN CHECK...
seed 31: z_std=2.00 cycle=False topo=False fp_unstable=True  hamiltonian=False amp=0.000 period=None eig=+1.557
RUNNING HARDENED CTLN CHECK...
seed 31: z_std=3.00 cycle=False topo=False fp_unstable=True  hamiltonian=False amp=0.000 period=None eig=+1.557
RUNNING HARDENED CTLN CHECK...
seed 32: z_std=1.00 cycle=False topo=False fp_unstable=True  hamiltonian=False amp=0.000 period=None eig=+1.558
RUNNING HARDENED CTLN CHECK...
seed 32: z_std=2.00 cycle=False topo=False fp_unstable=True  hamiltonian=False amp=0.000 period=None eig=+1.558
RUNNING HARDENED CTLN CHECK...
seed 32: z_std=3.00 cycle=False topo=False fp_unstable=True  hamiltonian=False amp=0.000 period=None eig=+1.558
RUNNING HARDENED CTLN CHECK...
seed 33: z_std=1.00 cycle=False topo=False fp_unstable=True  hamiltonian=False amp=0.000 period=None eig=+1.557
RUNNING HARDENED CTLN CHECK...
seed 33: z_std=2.00 cycle=False topo=False fp_unstable=True  hamiltonian=False amp=0.000 period=None eig=+1.557
RUNNING HARDENED CTLN CHECK...
seed 33: z_std=3.00 cycle=False topo=False fp_unstable=True  hamiltonian=False amp=0.000 period=None eig=+1.557
RUNNING HARDENED CTLN CHECK...
seed 34: z_std=1.00 cycle=False topo=False fp_unstable=True  hamiltonian=False amp=0.000 period=None eig=+1.556
RUNNING HARDENED CTLN CHECK...
seed 34: z_std=2.00 cycle=False topo=False fp_unstable=True  hamiltonian=False amp=0.000 period=None eig=+1.556
RUNNING HARDENED CTLN CHECK...
seed 34: z_std=3.00 cycle=False topo=False fp_unstable=True  hamiltonian=False amp=0.000 period=None eig=+1.556
RUNNING HARDENED CTLN CHECK...
seed 35: z_std=1.00 cycle=False topo=False fp_unstable=True  hamiltonian=False amp=0.000 period=None eig=+1.557
RUNNING HARDENED CTLN CHECK...
seed 35: z_std=2.00 cycle=False topo=False fp_unstable=True  hamiltonian=False amp=0.000 period=None eig=+1.557
RUNNING HARDENED CTLN CHECK...
seed 35: z_std=3.00 cycle=False topo=False fp_unstable=True  hamiltonian=False amp=0.000 period=None eig=+1.557
RUNNING HARDENED CTLN CHECK...
seed 36: z_std=1.00 cycle=False topo=False fp_unstable=True  hamiltonian=False amp=0.000 period=None eig=+1.556
RUNNING HARDENED CTLN CHECK...
seed 36: z_std=2.00 cycle=False topo=False fp_unstable=True  hamiltonian=False amp=0.000 period=None eig=+1.556
RUNNING HARDENED CTLN CHECK...
seed 36: z_std=3.00 cycle=False topo=False fp_unstable=True  hamiltonian=False amp=0.000 period=None eig=+1.556
RUNNING HARDENED CTLN CHECK...
seed 37: z_std=1.00 cycle=False topo=False fp_unstable=True  hamiltonian=False amp=0.000 period=None eig=+1.556
RUNNING HARDENED CTLN CHECK...
seed 37: z_std=2.00 cycle=False topo=False fp_unstable=True  hamiltonian=False amp=0.000 period=None eig=+1.556
RUNNING HARDENED CTLN CHECK...
seed 37: z_std=3.00 cycle=False topo=False fp_unstable=True  hamiltonian=False amp=0.000 period=None eig=+1.556
RUNNING HARDENED CTLN CHECK...
seed 38: z_std=1.00 cycle=False topo=False fp_unstable=True  hamiltonian=False amp=0.000 period=None eig=+1.557
RUNNING HARDENED CTLN CHECK...
seed 38: z_std=2.00 cycle=False topo=False fp_unstable=True  hamiltonian=False amp=0.000 period=None eig=+1.557
RUNNING HARDENED CTLN CHECK...
seed 38: z_std=3.00 cycle=False topo=False fp_unstable=True  hamiltonian=False amp=0.000 period=None eig=+1.557
RUNNING HARDENED CTLN CHECK...
seed 39: z_std=1.00 cycle=False topo=False fp_unstable=True  hamiltonian=False amp=0.000 period=None eig=+1.556
RUNNING HARDENED CTLN CHECK...
seed 39: z_std=2.00 cycle=False topo=False fp_unstable=True  hamiltonian=False amp=0.000 period=None eig=+1.556
RUNNING HARDENED CTLN CHECK...
seed 39: z_std=3.00 cycle=False topo=False fp_unstable=True  hamiltonian=False amp=0.000 period=None eig=+1.556
RUNNING HARDENED CTLN CHECK...
seed 40: z_std=1.00 cycle=False topo=False fp_unstable=True  hamiltonian=False amp=0.000 period=None eig=+1.557
RUNNING HARDENED CTLN CHECK...
seed 40: z_std=2.00 cycle=False topo=False fp_unstable=True  hamiltonian=False amp=0.000 period=None eig=+1.557
RUNNING HARDENED CTLN CHECK...
seed 40: z_std=3.00 cycle=False topo=False fp_unstable=True  hamiltonian=False amp=0.000 period=None eig=+1.557
RUNNING HARDENED CTLN CHECK...
seed 41: z_std=1.00 cycle=False topo=False fp_unstable=True  hamiltonian=False amp=0.000 period=None eig=+1.557
RUNNING HARDENED CTLN CHECK...
seed 41: z_std=2.00 cycle=False topo=False fp_unstable=True  hamiltonian=False amp=0.000 period=None eig=+1.557
RUNNING HARDENED CTLN CHECK...
seed 41: z_std=3.00 cycle=False topo=False fp_unstable=True  hamiltonian=False amp=0.000 period=None eig=+1.557
RUNNING HARDENED CTLN CHECK...
seed 42: z_std=1.00 cycle=False topo=False fp_unstable=True  hamiltonian=False amp=0.000 period=None eig=+1.558
RUNNING HARDENED CTLN CHECK...
seed 42: z_std=2.00 cycle=False topo=False fp_unstable=True  hamiltonian=False amp=0.000 period=None eig=+1.558
RUNNING HARDENED CTLN CHECK...
seed 42: z_std=3.00 cycle=False topo=False fp_unstable=True  hamiltonian=False amp=0.000 period=None eig=+1.558
RUNNING HARDENED CTLN CHECK...
seed 43: z_std=1.00 cycle=False topo=False fp_unstable=True  hamiltonian=False amp=0.000 period=None eig=+1.558
RUNNING HARDENED CTLN CHECK...
seed 43: z_std=2.00 cycle=False topo=False fp_unstable=True  hamiltonian=False amp=0.000 period=None eig=+1.558
RUNNING HARDENED CTLN CHECK...
seed 43: z_std=3.00 cycle=False topo=False fp_unstable=True  hamiltonian=False amp=0.000 period=None eig=+1.558
RUNNING HARDENED CTLN CHECK...
seed 44: z_std=1.00 cycle=False topo=False fp_unstable=True  hamiltonian=False amp=0.000 period=None eig=+1.558
RUNNING HARDENED CTLN CHECK...
seed 44: z_std=2.00 cycle=False topo=False fp_unstable=True  hamiltonian=False amp=0.000 period=None eig=+1.558
RUNNING HARDENED CTLN CHECK...
seed 44: z_std=3.00 cycle=False topo=False fp_unstable=True  hamiltonian=False amp=0.000 period=None eig=+1.558
RUNNING HARDENED CTLN CHECK...
seed 45: z_std=1.00 cycle=False topo=False fp_unstable=True  hamiltonian=False amp=0.000 period=None eig=+1.555
RUNNING HARDENED CTLN CHECK...
seed 45: z_std=2.00 cycle=False topo=False fp_unstable=True  hamiltonian=False amp=0.000 period=None eig=+1.555
RUNNING HARDENED CTLN CHECK...
seed 45: z_std=3.00 cycle=False topo=False fp_unstable=True  hamiltonian=False amp=0.000 period=None eig=+1.555
RUNNING HARDENED CTLN CHECK...
seed 46: z_std=1.00 cycle=False topo=False fp_unstable=True  hamiltonian=False amp=0.000 period=None eig=+1.553
RUNNING HARDENED CTLN CHECK...
seed 46: z_std=2.00 cycle=False topo=False fp_unstable=True  hamiltonian=False amp=0.000 period=None eig=+1.553
RUNNING HARDENED CTLN CHECK...
seed 46: z_std=3.00 cycle=False topo=False fp_unstable=True  hamiltonian=False amp=0.000 period=None eig=+1.553
RUNNING HARDENED CTLN CHECK...
seed 47: z_std=1.00 cycle=False topo=False fp_unstable=True  hamiltonian=False amp=0.000 period=None eig=+1.558
RUNNING HARDENED CTLN CHECK...
seed 47: z_std=2.00 cycle=False topo=False fp_unstable=True  hamiltonian=False amp=0.000 period=None eig=+1.558
RUNNING HARDENED CTLN CHECK...
seed 47: z_std=3.00 cycle=False topo=False fp_unstable=True  hamiltonian=False amp=0.000 period=None eig=+1.558
RUNNING HARDENED CTLN CHECK...
seed 48: z_std=1.00 cycle=False topo=False fp_unstable=True  hamiltonian=False amp=0.000 period=None eig=+1.561
RUNNING HARDENED CTLN CHECK...
seed 48: z_std=2.00 cycle=False topo=False fp_unstable=True  hamiltonian=False amp=0.000 period=None eig=+1.561
RUNNING HARDENED CTLN CHECK...
seed 48: z_std=3.00 cycle=False topo=False fp_unstable=True  hamiltonian=False amp=0.000 period=None eig=+1.561
RUNNING HARDENED CTLN CHECK...
seed 49: z_std=1.00 cycle=False topo=False fp_unstable=True  hamiltonian=False amp=0.000 period=None eig=+1.555
RUNNING HARDENED CTLN CHECK...
seed 49: z_std=2.00 cycle=False topo=False fp_unstable=True  hamiltonian=False amp=0.000 period=None eig=+1.555
RUNNING HARDENED CTLN CHECK...
seed 49: z_std=3.00 cycle=False topo=False fp_unstable=True  hamiltonian=False amp=0.000 period=None eig=+1.555
PLOTTING EDGE COMMITMENT HISTOGRAM...
HISTOGRAM SAVED AS: /sfs/weka/scratch/xfd3tf/oscillon/examples/images/commitment_hist.png

============================================================
DISCOVERY SWEEP  (N=5, 50 seeds, z_std=3.0)
  oscillation emerged:      0/150  (0%)
  recovered cycle topology: 0/150  (0%)
  both (full discovery):    0/150  (0%)
  hamiltonian cycle:        0/150  (0%)
============================================================

================================================================================
 z_std |   n |  emerged |  topology |   both |  hamilton | fp_unstab |  mean_eig
--------------------------------------------------------------------------------
   1.0 |  50 |   0/50     0%|   0/50     0%|     0% |   0/50     0%|  50/50   100%|    +1.557
   2.0 |  50 |   0/50     0%|   0/50     0%|     0% |   0/50     0%|  50/50   100%|    +1.557
   3.0 |  50 |   0/50     0%|   0/50     0%|     0% |   0/50     0%|  50/50   100%|    +1.557
================================================================================
spread across z_std -> emerged: 0pp (small spread supports invariance to init scale)
